Component: ARM Compiler 5.06 update 3 (build 300) Tool: armlink [4d35c9]

==============================================================================

Section Cross References

    startup_stm32f407xx.o(RESET) refers to startup_stm32f407xx.o(STACK) for __initial_sp
    startup_stm32f407xx.o(RESET) refers to startup_stm32f407xx.o(.text) for Reset_Handler
    startup_stm32f407xx.o(RESET) refers to stm32f4xx_it.o(i.NMI_Handler) for NMI_Handler
    startup_stm32f407xx.o(RESET) refers to stm32f4xx_it.o(i.HardFault_Handler) for HardFault_Handler
    startup_stm32f407xx.o(RESET) refers to stm32f4xx_it.o(i.MemManage_Handler) for MemManage_Handler
    startup_stm32f407xx.o(RESET) refers to stm32f4xx_it.o(i.BusFault_Handler) for BusFault_Handler
    startup_stm32f407xx.o(RESET) refers to stm32f4xx_it.o(i.UsageFault_Handler) for UsageFault_Handler
    startup_stm32f407xx.o(RESET) refers to stm32f4xx_it.o(i.SVC_Handler) for SVC_Handler
    startup_stm32f407xx.o(RESET) refers to stm32f4xx_it.o(i.DebugMon_Handler) for DebugMon_Handler
    startup_stm32f407xx.o(RESET) refers to stm32f4xx_it.o(i.PendSV_Handler) for PendSV_Handler
    startup_stm32f407xx.o(RESET) refers to stm32f4xx_it.o(i.SysTick_Handler) for SysTick_Handler
    startup_stm32f407xx.o(RESET) refers to stm32f4xx_it.o(i.TIM1_BRK_TIM9_IRQHandler) for TIM1_BRK_TIM9_IRQHandler
    startup_stm32f407xx.o(RESET) refers to stm32f4xx_it.o(i.USART3_IRQHandler) for USART3_IRQHandler
    startup_stm32f407xx.o(RESET) refers to stm32f4xx_it.o(i.TIM8_UP_TIM13_IRQHandler) for TIM8_UP_TIM13_IRQHandler
    startup_stm32f407xx.o(RESET) refers to stm32f4xx_it.o(i.TIM8_TRG_COM_TIM14_IRQHandler) for TIM8_TRG_COM_TIM14_IRQHandler
    startup_stm32f407xx.o(RESET) refers to stm32f4xx_it.o(i.DMA2_Stream0_IRQHandler) for DMA2_Stream0_IRQHandler
    startup_stm32f407xx.o(.text) refers to system_stm32f4xx.o(i.SystemInit) for SystemInit
    startup_stm32f407xx.o(.text) refers to entry.o(.ARM.Collect$$$$00000000) for __main
    main.o(i.HAL_TIM_PeriodElapsedCallback) refers to stm32f4xx_hal_adc.o(i.HAL_ADC_Start_DMA) for HAL_ADC_Start_DMA
    main.o(i.HAL_TIM_PeriodElapsedCallback) refers to f2d.o(.text) for __aeabi_f2d
    main.o(i.HAL_TIM_PeriodElapsedCallback) refers to dmul.o(.text) for __aeabi_dmul
    main.o(i.HAL_TIM_PeriodElapsedCallback) refers to dadd.o(.text) for __aeabi_dsub
    main.o(i.HAL_TIM_PeriodElapsedCallback) refers to d2f.o(.text) for __aeabi_d2f
    main.o(i.HAL_TIM_PeriodElapsedCallback) refers to cdrcmple.o(.text) for __aeabi_cdrcmple
    main.o(i.HAL_TIM_PeriodElapsedCallback) refers to cdcmple.o(.text) for __aeabi_cdcmple
    main.o(i.HAL_TIM_PeriodElapsedCallback) refers to ddiv.o(.text) for __aeabi_ddiv
    main.o(i.HAL_TIM_PeriodElapsedCallback) refers to main.o(.data) for .data
    main.o(i.HAL_TIM_PeriodElapsedCallback) refers to main.o(.bss) for .bss
    main.o(i.HAL_TIM_PeriodElapsedCallback) refers to dflti.o(.text) for __aeabi_i2d
    main.o(i.MX_ADC1_Init) refers to stm32f4xx_hal_adc.o(i.HAL_ADC_Init) for HAL_ADC_Init
    main.o(i.MX_ADC1_Init) refers to stm32f4xx_hal_adc.o(i.HAL_ADC_ConfigChannel) for HAL_ADC_ConfigChannel
    main.o(i.MX_ADC1_Init) refers to main.o(.bss) for .bss
    main.o(i.MX_GPIO_Init) refers to memseta.o(.text) for __aeabi_memclr4
    main.o(i.MX_GPIO_Init) refers to stm32f4xx_hal_gpio.o(i.HAL_GPIO_WritePin) for HAL_GPIO_WritePin
    main.o(i.MX_GPIO_Init) refers to stm32f4xx_hal_gpio.o(i.HAL_GPIO_Init) for HAL_GPIO_Init
    main.o(i.MX_TIM13_Init) refers to memseta.o(.text) for __aeabi_memclr4
    main.o(i.MX_TIM13_Init) refers to stm32f4xx_hal_tim.o(i.HAL_TIM_Base_Init) for HAL_TIM_Base_Init
    main.o(i.MX_TIM13_Init) refers to stm32f4xx_hal_tim.o(i.HAL_TIM_PWM_Init) for HAL_TIM_PWM_Init
    main.o(i.MX_TIM13_Init) refers to stm32f4xx_hal_tim.o(i.HAL_TIM_PWM_ConfigChannel) for HAL_TIM_PWM_ConfigChannel
    main.o(i.MX_TIM13_Init) refers to main.o(.bss) for .bss
    main.o(i.MX_TIM14_Init) refers to memseta.o(.text) for __aeabi_memclr4
    main.o(i.MX_TIM14_Init) refers to stm32f4xx_hal_tim.o(i.HAL_TIM_Base_Init) for HAL_TIM_Base_Init
    main.o(i.MX_TIM14_Init) refers to stm32f4xx_hal_tim.o(i.HAL_TIM_PWM_Init) for HAL_TIM_PWM_Init
    main.o(i.MX_TIM14_Init) refers to stm32f4xx_hal_tim.o(i.HAL_TIM_PWM_ConfigChannel) for HAL_TIM_PWM_ConfigChannel
    main.o(i.MX_TIM14_Init) refers to main.o(.bss) for .bss
    main.o(i.MX_TIM4_Init) refers to memseta.o(.text) for __aeabi_memclr4
    main.o(i.MX_TIM4_Init) refers to stm32f4xx_hal_tim.o(i.HAL_TIM_PWM_Init) for HAL_TIM_PWM_Init
    main.o(i.MX_TIM4_Init) refers to stm32f4xx_hal_tim_ex.o(i.HAL_TIMEx_MasterConfigSynchronization) for HAL_TIMEx_MasterConfigSynchronization
    main.o(i.MX_TIM4_Init) refers to stm32f4xx_hal_tim.o(i.HAL_TIM_PWM_ConfigChannel) for HAL_TIM_PWM_ConfigChannel
    main.o(i.MX_TIM4_Init) refers to stm32f4xx_hal_msp.o(i.HAL_TIM_MspPostInit) for HAL_TIM_MspPostInit
    main.o(i.MX_TIM4_Init) refers to main.o(.bss) for .bss
[...]
    ../clib/microlib/printf/printf.c         0x00000000   Number         0  printfb.o ABSOLUTE
    ../clib/microlib/printf/stubs.s          0x00000000   Number         0  stubs.o ABSOLUTE
    ../clib/microlib/stdio/fputc.c           0x00000000   Number         0  fputc.o ABSOLUTE
    ../clib/microlib/stdio/semi.s            0x00000000   Number         0  semi.o ABSOLUTE
    ../clib/microlib/stdio/streams.c         0x00000000   Number         0  stdout.o ABSOLUTE
    ../clib/microlib/string/memset.c         0x00000000   Number         0  memseta.o ABSOLUTE
    ../clib/microlib/stubs.s                 0x00000000   Number         0  iusefp.o ABSOLUTE
    ../clib/microlib/stubs.s                 0x00000000   Number         0  iusesemip.o ABSOLUTE
    ../fplib/microlib/d2f.c                  0x00000000   Number         0  d2f.o ABSOLUTE
    ../fplib/microlib/f2d.c                  0x00000000   Number         0  f2d.o ABSOLUTE
    ../fplib/microlib/fpadd.c                0x00000000   Number         0  dadd.o ABSOLUTE
    ../fplib/microlib/fpdiv.c                0x00000000   Number         0  ddiv.o ABSOLUTE
    ../fplib/microlib/fpepilogue.c           0x00000000   Number         0  depilogue.o ABSOLUTE
    ../fplib/microlib/fpepilogue.c           0x00000000   Number         0  fepilogue.o ABSOLUTE
    ../fplib/microlib/fpfix.c                0x00000000   Number         0  dfixul.o ABSOLUTE
    ../fplib/microlib/fpflt.c                0x00000000   Number         0  dflti.o ABSOLUTE
    ../fplib/microlib/fpmul.c                0x00000000   Number         0  dmul.o ABSOLUTE
    ..\Drivers\STM32F4xx_HAL_Driver\Src\stm32f4xx_hal.c 0x00000000   Number         0  stm32f4xx_hal.o ABSOLUTE
    ..\Drivers\STM32F4xx_HAL_Driver\Src\stm32f4xx_hal_adc.c 0x00000000   Number         0  stm32f4xx_hal_adc.o ABSOLUTE
    ..\Drivers\STM32F4xx_HAL_Driver\Src\stm32f4xx_hal_adc_ex.c 0x00000000   Number         0  stm32f4xx_hal_adc_ex.o ABSOLUTE
    ..\Drivers\STM32F4xx_HAL_Driver\Src\stm32f4xx_hal_cortex.c 0x00000000   Number         0  stm32f4xx_hal_cortex.o ABSOLUTE
    ..\Drivers\STM32F4xx_HAL_Driver\Src\stm32f4xx_hal_dma.c 0x00000000   Number         0  stm32f4xx_hal_dma.o ABSOLUTE
    ..\Drivers\STM32F4xx_HAL_Driver\Src\stm32f4xx_hal_dma_ex.c 0x00000000   Number         0  stm32f4xx_hal_dma_ex.o ABSOLUTE
    ..\Drivers\STM32F4xx_HAL_Driver\Src\stm32f4xx_hal_exti.c 0x00000000   Number         0  stm32f4xx_hal_exti.o ABSOLUTE
    ..\Drivers\STM32F4xx_HAL_Driver\Src\stm32f4xx_hal_flash.c 0x00000000   Number         0  stm32f4xx_hal_flash.o ABSOLUTE
    ..\Drivers\STM32F4xx_HAL_Driver\Src\stm32f4xx_hal_flash_ex.c 0x00000000   Number         0  stm32f4xx_hal_flash_ex.o ABSOLUTE
    ..\Drivers\STM32F4xx_HAL_Driver\Src\stm32f4xx_hal_flash_ramfunc.c 0x00000000   Number         0  stm32f4xx_hal_flash_ramfunc.o ABSOLUTE
    ..\Drivers\STM32F4xx_HAL_Driver\Src\stm32f4xx_hal_gpio.c 0x00000000   Number         0  stm32f4xx_hal_gpio.o ABSOLUTE
    ..\Drivers\STM32F4xx_HAL_Driver\Src\stm32f4xx_hal_pwr.c 0x00000000   Number         0  stm32f4xx_hal_pwr.o ABSOLUTE
    ..\Drivers\STM32F4xx_HAL_Driver\Src\stm32f4xx_hal_pwr_ex.c 0x00000000   Number         0  stm32f4xx_hal_pwr_ex.o ABSOLUTE
    ..\Drivers\STM32F4xx_HAL_Driver\Src\stm32f4xx_hal_rcc.c 0x00000000   Number         0  stm32f4xx_hal_rcc.o ABSOLUTE
    ..\Drivers\STM32F4xx_HAL_Driver\Src\stm32f4xx_hal_rcc_ex.c 0x00000000   Number         0  stm32f4xx_hal_rcc_ex.o ABSOLUTE
    ..\Drivers\STM32F4xx_HAL_Driver\Src\stm32f4xx_hal_rtc.c 0x00000000   Number         0  stm32f4xx_hal_rtc.o ABSOLUTE
    ..\Drivers\STM32F4xx_HAL_Driver\Src\stm32f4xx_hal_rtc_ex.c 0x00000000   Number         0  stm32f4xx_hal_rtc_ex.o ABSOLUTE
    ..\Drivers\STM32F4xx_HAL_Driver\Src\stm32f4xx_hal_tim.c 0x00000000   Number         0  stm32f4xx_hal_tim.o ABSOLUTE
    ..\Drivers\STM32F4xx_HAL_Driver\Src\stm32f4xx_hal_tim_ex.c 0x00000000   Number         0  stm32f4xx_hal_tim_ex.o ABSOLUTE
    ..\Drivers\STM32F4xx_HAL_Driver\Src\stm32f4xx_hal_uart.c 0x00000000   Number         0  stm32f4xx_hal_uart.o ABSOLUTE
    ..\Src\lcd_character.c                   0x00000000   Number         0  lcd_character.o ABSOLUTE
    ..\Src\main.c                            0x00000000   Number         0  main.o ABSOLUTE
    ..\Src\stm32f4xx_hal_msp.c               0x00000000   Number         0  stm32f4xx_hal_msp.o ABSOLUTE
    ..\Src\stm32f4xx_it.c                    0x00000000   Number         0  stm32f4xx_it.o ABSOLUTE
    ..\Src\system_stm32f4xx.c                0x00000000   Number         0  system_stm32f4xx.o ABSOLUTE
    ..\\Src\\lcd_character.c                 0x00000000   Number         0  lcd_character.o ABSOLUTE
    cdcmple.s                                0x00000000   Number         0  cdcmple.o ABSOLUTE
    cdrcmple.s                               0x00000000   Number         0  cdrcmple.o ABSOLUTE
    dc.s                                     0x00000000   Number         0  dc.o ABSOLUTE
    handlers.s                               0x00000000   Number         0  handlers.o ABSOLUTE
    init.s                                   0x00000000   Number         0  init.o ABSOLUTE
    startup_stm32f407xx.s                    0x00000000   Number         0  startup_stm32f407xx.o ABSOLUTE
    RESET                                    0x08000000   Section      392  startup_stm32f407xx.o(RESET)
    .ARM.Collect$$$$00000000                 0x08000188   Section        0  entry.o(.ARM.Collect$$$$00000000)
    .ARM.Collect$$$$00000001                 0x08000188   Section        4  entry2.o(.ARM.Collect$$$$00000001)
    .ARM.Collect$$$$00000004                 0x0800018c   Section        4  entry5.o(.ARM.Collect$$$$00000004)
    .ARM.Collect$$$$00000008                 0x08000190   Section        0  entry7b.o(.ARM.Collect$$$$00000008)
    .ARM.Collect$$$$0000000A                 0x08000190   Section        0  entry8b.o(.ARM.Collect$$$$0000000A)
    .ARM.Collect$$$$0000000B                 0x08000190   Section        8  entry9a.o(.ARM.Collect$$$$0000000B)
    .ARM.Collect$$$$0000000D                 0x08000198   Section        0  entry10a.o(.ARM.Collect$$$$0000000D)
    .ARM.Collect$$$$0000000F                 0x08000198   Section        0  entry11a.o(.ARM.Collect$$$$0000000F)
    .ARM.Collect$$$$00002712                 0x08000198   Section        4  entry2.o(.ARM.Collect$$$$00002712)
    __lit__00000000                          0x08000198   Data           4  entry2.o(.ARM.Collect$$$$00002712)
    .text                                    0x0800019c   Section       36  startup_stm32f407xx.o(.text)
    $v0                                      0x0800019c   Number         0  startup_stm32f407xx.o(.text)
    .text                                    0x080001c0   Section        0  uldiv.o(.text)
    .text                                    0x08000222   Section        0  memseta.o(.text)
    .text                                    0x08000246   Section        0  dadd.o(.text)
    .text                                    0x08000394   Section        0  dmul.o(.text)
    .text                                    0x08000478   Section        0  ddiv.o(.text)
    .text                                    0x08000556   Section        0  dflti.o(.text)
    .text                                    0x08000578   Section        0  f2d.o(.text)
    .text                                    0x080005a0   Section       48  cdcmple.o(.text)
    .text                                    0x080005d0   Section       48  cdrcmple.o(.text)
    .text                                    0x08000600   Section        0  d2f.o(.text)
    .text                                    0x08000638   Section        0  uidiv.o(.text)
    .text                                    0x08000664   Section        0  llshl.o(.text)
    .text                                    0x08000682   Section        0  llushr.o(.text)
    .text                                    0x080006a2   Section        0  llsshr.o(.text)
    .text                                    0x080006c6   Section        0  iusefp.o(.text)
    .text                                    0x080006c6   Section        0  fepilogue.o(.text)
    .text                                    0x08000734   Section        0  depilogue.o(.text)
    .text                                    0x080007ee   Section        0  dfixul.o(.text)
    .text                                    0x08000820   Section       36  init.o(.text)
    .text                                    0x08000844   Section        0  __dczerorl2.o(.text)
    i.ADC_DMAConvCplt                        0x0800089a   Section        0  stm32f4xx_hal_adc.o(i.ADC_DMAConvCplt)
    ADC_DMAConvCplt                          0x0800089b   Thumb Code   110  stm32f4xx_hal_adc.o(i.ADC_DMAConvCplt)
    i.ADC_DMAError                           0x08000908   Section        0  stm32f4xx_hal_adc.o(i.ADC_DMAError)
    ADC_DMAError                             0x08000909   Thumb Code    22  stm32f4xx_hal_adc.o(i.ADC_DMAError)
    i.ADC_DMAHalfConvCplt                    0x0800091e   Section        0  stm32f4xx_hal_adc.o(i.ADC_DMAHalfConvCplt)
    ADC_DMAHalfConvCplt                      0x0800091f   Thumb Code    10  stm32f4xx_hal_adc.o(i.ADC_DMAHalfConvCplt)
    i.ADC_Init                               0x08000928   Section        0  stm32f4xx_hal_adc.o(i.ADC_Init)
    ADC_Init                                 0x08000929   Thumb Code   284  stm32f4xx_hal_adc.o(i.ADC_Init)
    i.BusFault_Handler                       0x08000a50   Section        0  stm32f4xx_it.o(i.BusFault_Handler)
    i.DMA2_Stream0_IRQHandler                0x08000a54   Section        0  stm32f4xx_it.o(i.DMA2_Stream0_IRQHandler)
    i.DMA_CalcBaseAndBitshift                0x08000a60   Section        0  stm32f4xx_hal_dma.o(i.DMA_CalcBaseAndBitshift)
    DMA_CalcBaseAndBitshift                  0x08000a61   Thumb Code    34  stm32f4xx_hal_dma.o(i.DMA_CalcBaseAndBitshift)
    i.DMA_CheckFifoParam                     0x08000a88   Section        0  stm32f4xx_hal_dma.o(i.DMA_CheckFifoParam)
    DMA_CheckFifoParam                       0x08000a89   Thumb Code    84  stm32f4xx_hal_dma.o(i.DMA_CheckFifoParam)
    i.DMA_SetConfig                          0x08000adc   Section        0  stm32f4xx_hal_dma.o(i.DMA_SetConfig)
    DMA_SetConfig                            0x08000add   Thumb Code    40  stm32f4xx_hal_dma.o(i.DMA_SetConfig)
    i.DebugMon_Handler                       0x08000b04   Section        0  stm32f4xx_it.o(i.DebugMon_Handler)
    i.Error_Handler                          0x08000b06   Section        0  main.o(i.Error_Handler)
    i.HAL_ADC_ConfigChannel                  0x08000b08   Section        0  stm32f4xx_hal_adc.o(i.HAL_ADC_ConfigChannel)
    i.HAL_ADC_ConvCpltCallback               0x08000c54   Section        0  stm32f4xx_hal_adc.o(i.HAL_ADC_ConvCpltCallback)
    i.HAL_ADC_ConvHalfCpltCallback           0x08000c56   Section        0  stm32f4xx_hal_adc.o(i.HAL_ADC_ConvHalfCpltCallback)
    i.HAL_ADC_ErrorCallback                  0x08000c58   Section        0  stm32f4xx_hal_adc.o(i.HAL_ADC_ErrorCallback)
    i.HAL_ADC_Init                           0x08000c5a   Section        0  stm32f4xx_hal_adc.o(i.HAL_ADC_Init)
    i.HAL_ADC_MspInit                        0x08000cb0   Section        0  stm32f4xx_hal_msp.o(i.HAL_ADC_MspInit)
    i.HAL_ADC_Start_DMA                      0x08000d54   Section        0  stm32f4xx_hal_adc.o(i.HAL_ADC_Start_DMA)
    i.HAL_DMA_Abort_IT                       0x08000e88   Section        0  stm32f4xx_hal_dma.o(i.HAL_DMA_Abort_IT)
    i.HAL_DMA_IRQHandler                     0x08000eac   Section        0  stm32f4xx_hal_dma.o(i.HAL_DMA_IRQHandler)
    i.HAL_DMA_Init                           0x0800104c   Section        0  stm32f4xx_hal_dma.o(i.HAL_DMA_Init)
    i.HAL_DMA_Start_IT                       0x08001120   Section        0  stm32f4xx_hal_dma.o(i.HAL_DMA_Start_IT)
    i.HAL_Delay                              0x08001198   Section        0  stm32f4xx_hal.o(i.HAL_Delay)
    i.HAL_GPIO_Init                          0x080011bc   Section        0  stm32f4xx_hal_gpio.o(i.HAL_GPIO_Init)
    i.HAL_GPIO_WritePin                      0x0800137c   Section        0  stm32f4xx_hal_gpio.o(i.HAL_GPIO_WritePin)
    i.HAL_GetTick                            0x08001388   Section        0  stm32f4xx_hal.o(i.HAL_GetTick)
    i.HAL_IncTick                            0x08001394   Section        0  stm32f4xx_hal.o(i.HAL_IncTick)
    i.HAL_Init                               0x080013a4   Section        0  stm32f4xx_hal.o(i.HAL_Init)
    i.HAL_InitTick                           0x080013d8   Section        0  stm32f4xx_hal.o(i.HAL_InitTick)
    i.HAL_MspInit                            0x08001418   Section        0  stm32f4xx_hal_msp.o(i.HAL_MspInit)
    i.HAL_NVIC_EnableIRQ                     0x08001448   Section        0  stm32f4xx_hal_cortex.o(i.HAL_NVIC_EnableIRQ)
    i.HAL_NVIC_SetPriority                   0x08001464   Section        0  stm32f4xx_hal_cortex.o(i.HAL_NVIC_SetPriority)
    i.HAL_NVIC_SetPriorityGrouping           0x080014a4   Section        0  stm32f4xx_hal_cortex.o(i.HAL_NVIC_SetPriorityGrouping)
    i.HAL_RCCEx_PeriphCLKConfig              0x080014c8   Section        0  stm32f4xx_hal_rcc_ex.o(i.HAL_RCCEx_PeriphCLKConfig)
    i.HAL_RCC_ClockConfig                    0x08001604   Section        0  stm32f4xx_hal_rcc.o(i.HAL_RCC_ClockConfig)
    i.HAL_RCC_GetPCLK1Freq                   0x08001734   Section        0  stm32f4xx_hal_rcc.o(i.HAL_RCC_GetPCLK1Freq)
    i.HAL_RCC_GetPCLK2Freq                   0x08001754   Section        0  stm32f4xx_hal_rcc.o(i.HAL_RCC_GetPCLK2Freq)
    i.HAL_RCC_GetSysClockFreq                0x08001774   Section        0  stm32f4xx_hal_rcc.o(i.HAL_RCC_GetSysClockFreq)
    i.HAL_RCC_OscConfig                      0x080017d4   Section        0  stm32f4xx_hal_rcc.o(i.HAL_RCC_OscConfig)
    i.HAL_RTCEx_SetCalibrationOutPut         0x08001ae8   Section        0  stm32f4xx_hal_rtc_ex.o(i.HAL_RTCEx_SetCalibrationOutPut)
    i.HAL_RTC_Init                           0x08001b34   Section        0  stm32f4xx_hal_rtc.o(i.HAL_RTC_Init)
    i.HAL_RTC_MspInit                        0x08001be0   Section        0  stm32f4xx_hal_msp.o(i.HAL_RTC_MspInit)
    i.HAL_RTC_WaitForSynchro                 0x08001bf8   Section        0  stm32f4xx_hal_rtc.o(i.HAL_RTC_WaitForSynchro)
    i.HAL_SYSTICK_Config                     0x08001c2c   Section        0  stm32f4xx_hal_cortex.o(i.HAL_SYSTICK_Config)
    i.HAL_TIMEx_BreakCallback                0x08001c54   Section        0  stm32f4xx_hal_tim_ex.o(i.HAL_TIMEx_BreakCallback)
    i.HAL_TIMEx_CommutCallback               0x08001c56   Section        0  stm32f4xx_hal_tim_ex.o(i.HAL_TIMEx_CommutCallback)
    i.HAL_TIMEx_MasterConfigSynchronization  0x08001c58   Section        0  stm32f4xx_hal_tim_ex.o(i.HAL_TIMEx_MasterConfigSynchronization)
    i.HAL_TIM_Base_Init                      0x08001c9a   Section        0  stm32f4xx_hal_tim.o(i.HAL_TIM_Base_Init)
    i.HAL_TIM_Base_MspInit                   0x08001cd0   Section        0  stm32f4xx_hal_msp.o(i.HAL_TIM_Base_MspInit)
    i.HAL_TIM_Base_Start_IT                  0x08001d60   Section        0  stm32f4xx_hal_tim.o(i.HAL_TIM_Base_Start_IT)
    i.HAL_TIM_ConfigClockSource              0x08001d82   Section        0  stm32f4xx_hal_tim.o(i.HAL_TIM_ConfigClockSource)
    i.HAL_TIM_IC_CaptureCallback             0x08001e58   Section        0  stm32f4xx_hal_tim.o(i.HAL_TIM_IC_CaptureCallback)
    i.HAL_TIM_IRQHandler                     0x08001e5a   Section        0  stm32f4xx_hal_tim.o(i.HAL_TIM_IRQHandler)
    i.HAL_TIM_MspPostInit                    0x08001fc0   Section        0  stm32f4xx_hal_msp.o(i.HAL_TIM_MspPostInit)
    i.HAL_TIM_OC_DelayElapsedCallback        0x08002014   Section        0  stm32f4xx_hal_tim.o(i.HAL_TIM_OC_DelayElapsedCallback)
    i.HAL_TIM_PWM_ConfigChannel              0x08002016   Section        0  stm32f4xx_hal_tim.o(i.HAL_TIM_PWM_ConfigChannel)
    i.HAL_TIM_PWM_Init                       0x080020e6   Section        0  stm32f4xx_hal_tim.o(i.HAL_TIM_PWM_Init)
    i.HAL_TIM_PWM_MspInit                    0x0800211c   Section        0  stm32f4xx_hal_msp.o(i.HAL_TIM_PWM_MspInit)
    i.HAL_TIM_PWM_PulseFinishedCallback      0x08002144   Section        0  stm32f4xx_hal_tim.o(i.HAL_TIM_PWM_PulseFinishedCallback)
    i.HAL_TIM_PWM_Start                      0x08002148   Section        0  stm32f4xx_hal_tim.o(i.HAL_TIM_PWM_Start)
    i.HAL_TIM_PeriodElapsedCallback          0x0800218c   Section        0  main.o(i.HAL_TIM_PeriodElapsedCallback)
    i.HAL_TIM_TriggerCallback                0x08003c2c   Section        0  stm32f4xx_hal_tim.o(i.HAL_TIM_TriggerCallback)
    i.HAL_UART_ErrorCallback                 0x08003c2e   Section        0  stm32f4xx_hal_uart.o(i.HAL_UART_ErrorCallback)
    i.HAL_UART_IRQHandler                    0x08003c30   Section        0  stm32f4xx_hal_uart.o(i.HAL_UART_IRQHandler)
    i.HAL_UART_Init                          0x08003d40   Section        0  stm32f4xx_hal_uart.o(i.HAL_UART_Init)
    i.HAL_UART_MspInit                       0x08003da4   Section        0  stm32f4xx_hal_msp.o(i.HAL_UART_MspInit)
    i.HAL_UART_RxCpltCallback                0x08003e78   Section        0  stm32f4xx_hal_uart.o(i.HAL_UART_RxCpltCallback)
    i.HAL_UART_TxCpltCallback                0x08003e7a   Section        0  stm32f4xx_hal_uart.o(i.HAL_UART_TxCpltCallback)
    i.HardFault_Handler                      0x08003e7c   Section        0  stm32f4xx_it.o(i.HardFault_Handler)
    i.MX_ADC1_Init                           0x08003e80   Section        0  main.o(i.MX_ADC1_Init)
    MX_ADC1_Init                             0x08003e81   Thumb Code   128  main.o(i.MX_ADC1_Init)
    i.MX_GPIO_Init                           0x08003f0c   Section        0  main.o(i.MX_GPIO_Init)
    MX_GPIO_Init                             0x08003f0d   Thumb Code   220  main.o(i.MX_GPIO_Init)
    i.MX_TIM13_Init                          0x08003ffc   Section        0  main.o(i.MX_TIM13_Init)
    MX_TIM13_Init                            0x08003ffd   Thumb Code    68  main.o(i.MX_TIM13_Init)
    i.MX_TIM14_Init                          0x08004048   Section        0  main.o(i.MX_TIM14_Init)
    MX_TIM14_Init                            0x08004049   Thumb Code    68  main.o(i.MX_TIM14_Init)
    i.MX_TIM4_Init                           0x08004094   Section        0  main.o(i.MX_TIM4_Init)
    MX_TIM4_Init                             0x08004095   Thumb Code    88  main.o(i.MX_TIM4_Init)
    i.MemManage_Handler                      0x080040f4   Section        0  stm32f4xx_it.o(i.MemManage_Handler)
    i.NMI_Handler                            0x080040f6   Section        0  stm32f4xx_it.o(i.NMI_Handler)
    i.PendSV_Handler                         0x080040f8   Section        0  stm32f4xx_it.o(i.PendSV_Handler)
    i.RTC_EnterInitMode                      0x080040fa   Section        0  stm32f4xx_hal_rtc.o(i.RTC_EnterInitMode)
    i.SVC_Handler                            0x08004132   Section        0  stm32f4xx_it.o(i.SVC_Handler)
    i.SysTick_Handler                        0x08004134   Section        0  stm32f4xx_it.o(i.SysTick_Handler)
    i.SystemClock_Config                     0x08004138   Section        0  main.o(i.SystemClock_Config)
    i.SystemInit                             0x080041d4   Section        0  system_stm32f4xx.o(i.SystemInit)
    i.TIM1_BRK_TIM9_IRQHandler               0x08004228   Section        0  stm32f4xx_it.o(i.TIM1_BRK_TIM9_IRQHandler)
    i.TIM8_TRG_COM_TIM14_IRQHandler          0x08004234   Section        0  stm32f4xx_it.o(i.TIM8_TRG_COM_TIM14_IRQHandler)
    i.TIM8_UP_TIM13_IRQHandler               0x08004240   Section        0  stm32f4xx_it.o(i.TIM8_UP_TIM13_IRQHandler)
    i.TIM_Base_SetConfig                     0x0800424c   Section        0  stm32f4xx_hal_tim.o(i.TIM_Base_SetConfig)
    i.TIM_CCxChannelCmd                      0x08004314   Section        0  stm32f4xx_hal_tim.o(i.TIM_CCxChannelCmd)
    i.TIM_ETR_SetConfig                      0x0800432e   Section        0  stm32f4xx_hal_tim.o(i.TIM_ETR_SetConfig)
    i.TIM_ITRx_SetConfig                     0x08004342   Section        0  stm32f4xx_hal_tim.o(i.TIM_ITRx_SetConfig)
    TIM_ITRx_SetConfig                       0x08004343   Thumb Code    16  stm32f4xx_hal_tim.o(i.TIM_ITRx_SetConfig)
    i.TIM_OC1_SetConfig                      0x08004354   Section        0  stm32f4xx_hal_tim.o(i.TIM_OC1_SetConfig)
    TIM_OC1_SetConfig                        0x08004355   Thumb Code    88  stm32f4xx_hal_tim.o(i.TIM_OC1_SetConfig)
    i.TIM_OC2_SetConfig                      0x080043b4   Section        0  stm32f4xx_hal_tim.o(i.TIM_OC2_SetConfig)
    i.TIM_OC3_SetConfig                      0x08004420   Section        0  stm32f4xx_hal_tim.o(i.TIM_OC3_SetConfig)
    TIM_OC3_SetConfig                        0x08004421   Thumb Code    96  stm32f4xx_hal_tim.o(i.TIM_OC3_SetConfig)
    i.TIM_OC4_SetConfig                      0x08004488   Section        0  stm32f4xx_hal_tim.o(i.TIM_OC4_SetConfig)
    TIM_OC4_SetConfig                        0x08004489   Thumb Code    70  stm32f4xx_hal_tim.o(i.TIM_OC4_SetConfig)
    i.TIM_TI1_ConfigInputStage               0x080044d8   Section        0  stm32f4xx_hal_tim.o(i.TIM_TI1_ConfigInputStage)
    TIM_TI1_ConfigInputStage                 0x080044d9   Thumb Code    34  stm32f4xx_hal_tim.o(i.TIM_TI1_ConfigInputStage)
    i.TIM_TI2_ConfigInputStage               0x080044fa   Section        0  stm32f4xx_hal_tim.o(i.TIM_TI2_ConfigInputStage)
    TIM_TI2_ConfigInputStage                 0x080044fb   Thumb Code    36  stm32f4xx_hal_tim.o(i.TIM_TI2_ConfigInputStage)
    i.UART_DMAAbortOnError                   0x0800451e   Section        0  stm32f4xx_hal_uart.o(i.UART_DMAAbortOnError)
    UART_DMAAbortOnError                     0x0800451f   Thumb Code    16  stm32f4xx_hal_uart.o(i.UART_DMAAbortOnError)
    i.UART_EndRxTransfer                     0x0800452e   Section        0  stm32f4xx_hal_uart.o(i.UART_EndRxTransfer)
    UART_EndRxTransfer                       0x0800452f   Thumb Code    28  stm32f4xx_hal_uart.o(i.UART_EndRxTransfer)
    i.UART_Receive_IT                        0x0800454a   Section        0  stm32f4xx_hal_uart.o(i.UART_Receive_IT)
    UART_Receive_IT                          0x0800454b   Thumb Code   150  stm32f4xx_hal_uart.o(i.UART_Receive_IT)
    i.UART_SetConfig                         0x080045e0   Section        0  stm32f4xx_hal_uart.o(i.UART_SetConfig)
    UART_SetConfig                           0x080045e1   Thumb Code   676  stm32f4xx_hal_uart.o(i.UART_SetConfig)
    i.UART_Transmit_IT                       0x0800488c   Section        0  stm32f4xx_hal_uart.o(i.UART_Transmit_IT)
    UART_Transmit_IT                         0x0800488d   Thumb Code    98  stm32f4xx_hal_uart.o(i.UART_Transmit_IT)
    i.USART3_IRQHandler                      0x080048f0   Section        0  stm32f4xx_it.o(i.USART3_IRQHandler)
    i.UsageFault_Handler                     0x080048fc   Section        0  stm32f4xx_it.o(i.UsageFault_Handler)
    i.__0sprintf                             0x08004900   Section        0  printfa.o(i.__0sprintf)
    i.__NVIC_SetPriority                     0x08004928   Section        0  stm32f4xx_hal_cortex.o(i.__NVIC_SetPriority)
    __NVIC_SetPriority                       0x08004929   Thumb Code    32  stm32f4xx_hal_cortex.o(i.__NVIC_SetPriority)
    i.__scatterload_copy                     0x08004948   Section       14  handlers.o(i.__scatterload_copy)
    i.__scatterload_null                     0x08004956   Section        2  handlers.o(i.__scatterload_null)
    i.__scatterload_zeroinit                 0x08004958   Section       14  handlers.o(i.__scatterload_zeroinit)
    i._fp_digits                             0x08004968   Section        0  printfa.o(i._fp_digits)
    _fp_digits                               0x08004969   Thumb Code   366  printfa.o(i._fp_digits)
    i._printf_core                           0x08004aec   Section        0  printfa.o(i._printf_core)
    _printf_core                             0x08004aed   Thumb Code  1744  printfa.o(i._printf_core)
    i._printf_post_padding                   0x080051c8   Section        0  printfa.o(i._printf_post_padding)
    _printf_post_padding                     0x080051c9   Thumb Code    36  printfa.o(i._printf_post_padding)
    i._printf_pre_padding                    0x080051ec   Section        0  printfa.o(i._printf_pre_padding)
    _printf_pre_padding                      0x080051ed   Thumb Code    46  printfa.o(i._printf_pre_padding)
    i._sputc                                 0x0800521a   Section        0  printfa.o(i._sputc)
    _sputc                                   0x0800521b   Thumb Code    10  printfa.o(i._sputc)
    i.lcd_clear                              0x08005224   Section        0  lcd_character.o(i.lcd_clear)
    i.lcd_cmd                                0x08005238   Section        0  lcd_character.o(i.lcd_cmd)
    i.lcd_data                               0x08005254   Section        0  lcd_character.o(i.lcd_data)
    i.lcd_en_clk                             0x08005270   Section        0  lcd_character.o(i.lcd_en_clk)
    i.lcd_gotoxy                             0x08005298   Section        0  lcd_character.o(i.lcd_gotoxy)
    i.lcd_init                               0x080052d4   Section        0  lcd_character.o(i.lcd_init)
    i.lcd_ins                                0x08005378   Section        0  lcd_character.o(i.lcd_ins)
    i.lcd_ins2                               0x080053a4   Section        0  lcd_character.o(i.lcd_ins2)
    i.lcd_puts                               0x080053d0   Section        0  lcd_character.o(i.lcd_puts)
    i.lcd_reset                              0x080053e4   Section        0  lcd_character.o(i.lcd_reset)
    i.main                                   0x08005450   Section        0  main.o(i.main)
    i.wait_lcd                               0x08005828   Section        0  lcd_character.o(i.wait_lcd)
    .constdata                               0x08005836   Section        8  stm32f4xx_hal_dma.o(.constdata)
    flagBitshiftOffset                       0x08005836   Data           8  stm32f4xx_hal_dma.o(.constdata)
    .constdata                               0x0800583e   Section       16  system_stm32f4xx.o(.constdata)
    .constdata                               0x0800584e   Section        8  system_stm32f4xx.o(.constdata)
    .data                                    0x20000000   Section      600  main.o(.data)
    status                                   0x2000004c   Data           4  main.o(.data)
    MPP                                      0x20000240   Data           4  main.o(.data)
    .data                                    0x20000258   Section       12  stm32f4xx_hal.o(.data)
    .data                                    0x20000264   Section        4  system_stm32f4xx.o(.data)
    .bss                                     0x20000268   Section    17900  main.o(.bss)
    .bss                                     0x20004854   Section       96  main.o(.bss)
    STACK                                    0x200048b8   Section     1024  startup_stm32f407xx.o(STACK)

    Global Symbols

    Symbol Name                              Value     Ov Type        Size  Object(Section)

    BuildAttributes$$THM_ISAv4$E$P$D$K$B$S$7EM$VFPi3$EXTD16$VFPS$VFMA$PE$A:L22UL41UL21$X:L11$S22US41US21$IEEE1$IW$USESV6$~STKCKD$USESV7$~SHL$OTIME$ROPI$EBA8$MICROLIB$REQ8$PRES8$EABIv2 0x00000000   Number         0  anon$$obj.o ABSOLUTE
    __ARM_use_no_argv                        0x00000000   Number         0  main.o ABSOLUTE
    _printf_a                                0x00000000   Number         0  stubs.o ABSOLUTE
    _printf_c                                0x00000000   Number         0  stubs.o ABSOLUTE
    _printf_charcount                        0x00000000   Number         0  stubs.o ABSOLUTE
    _printf_d                                0x00000000   Number         0  stubs.o ABSOLUTE
    _printf_e                                0x00000000   Number         0  stubs.o ABSOLUTE
    _printf_f                                0x00000000   Number         0  stubs.o ABSOLUTE
    _printf_flags                            0x00000000   Number         0  stubs.o ABSOLUTE
    _printf_fp_dec                           0x00000000   Number         0  stubs.o ABSOLUTE
    _printf_fp_hex                           0x00000000   Number         0  stubs.o ABSOLUTE
    _printf_g                                0x00000000   Number         0  stubs.o ABSOLUTE
    _printf_i                                0x00000000   Number         0  stubs.o ABSOLUTE
    _printf_int_dec                          0x00000000   Number         0  stubs.o ABSOLUTE
    _printf_l                                0x00000000   Number         0  stubs.o ABSOLUTE
    _printf_lc                               0x00000000   Number         0  stubs.o ABSOLUTE
    _printf_ll                               0x00000000   Number         0  stubs.o ABSOLUTE
    _printf_lld                              0x00000000   Number         0  stubs.o ABSOLUTE
    _printf_lli                              0x00000000   Number         0  stubs.o ABSOLUTE
    _printf_llo                              0x00000000   Number         0  stubs.o ABSOLUTE
    _printf_llu                              0x00000000   Number         0  stubs.o ABSOLUTE
    _printf_llx                              0x00000000   Number         0  stubs.o ABSOLUTE
    _printf_longlong_dec                     0x00000000   Number         0  stubs.o ABSOLUTE
    _printf_longlong_hex                     0x00000000   Number         0  stubs.o ABSOLUTE
    _printf_longlong_oct                     0x00000000   Number         0  stubs.o ABSOLUTE
    _printf_ls                               0x00000000   Number         0  stubs.o ABSOLUTE
    _printf_mbtowc                           0x00000000   Number         0  stubs.o ABSOLUTE
    _printf_n                                0x00000000   Number         0  stubs.o ABSOLUTE
    _printf_o                                0x00000000   Number         0  stubs.o ABSOLUTE
    _printf_p                                0x00000000   Number         0  stubs.o ABSOLUTE
    _printf_percent                          0x00000000   Number         0  stubs.o ABSOLUTE
    _printf_pre_padding                      0x00000000   Number         0  stubs.o ABSOLUTE
    _printf_return_value                     0x00000000   Number         0  stubs.o ABSOLUTE
    _printf_s                                0x00000000   Number         0  stubs.o ABSOLUTE
    _printf_sizespec                         0x00000000   Number         0  stubs.o ABSOLUTE
    _printf_str                              0x00000000   Number         0  stubs.o ABSOLUTE
    _printf_truncate_signed                  0x00000000   Number         0  stubs.o ABSOLUTE
    _printf_truncate_unsigned                0x00000000   Number         0  stubs.o ABSOLUTE
    _printf_u                                0x00000000   Number         0  stubs.o ABSOLUTE
    _printf_wc                               0x00000000   Number         0  stubs.o ABSOLUTE
    _printf_wctomb                           0x00000000   Number         0  stubs.o ABSOLUTE
    _printf_widthprec                        0x00000000   Number         0  stubs.o ABSOLUTE
    _printf_x                                0x00000000   Number         0  stubs.o ABSOLUTE
    __cpp_initialize__aeabi_                  - Undefined Weak Reference
    __cxa_finalize                            - Undefined Weak Reference
    _clock_init                               - Undefined Weak Reference
    _microlib_exit                            - Undefined Weak Reference
    __Vectors_Size                           0x00000188   Number         0  startup_stm32f407xx.o ABSOLUTE
    __Vectors                                0x08000000   Data           4  startup_stm32f407xx.o(RESET)
    __Vectors_End                            0x08000188   Data           0  startup_stm32f407xx.o(RESET)
    __main                                   0x08000189   Thumb Code     0  entry.o(.ARM.Collect$$$$00000000)
    _main_stk                                0x08000189   Thumb Code     0  entry2.o(.ARM.Collect$$$$00000001)
    _main_scatterload                        0x0800018d   Thumb Code     0  entry5.o(.ARM.Collect$$$$00000004)
    __main_after_scatterload                 0x08000191   Thumb Code     0  entry5.o(.ARM.Collect$$$$00000004)
    _main_clock                              0x08000191   Thumb Code     0  entry7b.o(.ARM.Collect$$$$00000008)
    _main_cpp_init                           0x08000191   Thumb Code     0  entry8b.o(.ARM.Collect$$$$0000000A)
    _main_init                               0x08000191   Thumb Code     0  entry9a.o(.ARM.Collect$$$$0000000B)
    __rt_final_cpp                           0x08000199   Thumb Code     0  entry10a.o(.ARM.Collect$$$$0000000D)
    __rt_final_exit                          0x08000199   Thumb Code     0  entry11a.o(.ARM.Collect$$$$0000000F)
    Reset_Handler                            0x0800019d   Thumb Code     8  startup_stm32f407xx.o(.text)
    ADC_IRQHandler                           0x080001b7   Thumb Code     0  startup_stm32f407xx.o(.text)
    CAN1_RX0_IRQHandler                      0x080001b7   Thumb Code     0  startup_stm32f407xx.o(.text)
    CAN1_RX1_IRQHandler                      0x080001b7   Thumb Code     0  startup_stm32f407xx.o(.text)
    CAN1_SCE_IRQHandler                      0x080001b7   Thumb Code     0  startup_stm32f407xx.o(.text)
    CAN1_TX_IRQHandler                       0x080001b7   Thumb Code     0  startup_stm32f407xx.o(.text)
    CAN2_RX0_IRQHandler                      0x080001b7   Thumb Code     0  startup_stm32f407xx.o(.text)
    CAN2_RX1_IRQHandler                      0x080001b7   Thumb Code     0  startup_stm32f407xx.o(.text)
    CAN2_SCE_IRQHandler                      0x080001b7   Thumb Code     0  startup_stm32f407xx.o(.text)
    CAN2_TX_IRQHandler                       0x080001b7   Thumb Code     0  startup_stm32f407xx.o(.text)
    DCMI_IRQHandler                          0x080001b7   Thumb Code     0  startup_stm32f407xx.o(.text)
    DMA1_Stream0_IRQHandler                  0x080001b7   Thumb Code     0  startup_stm32f407xx.o(.text)
    DMA1_Stream1_IRQHandler                  0x080001b7   Thumb Code     0  startup_stm32f407xx.o(.text)
    DMA1_Stream2_IRQHandler                  0x080001b7   Thumb Code     0  startup_stm32f407xx.o(.text)
    DMA1_Stream3_IRQHandler                  0x080001b7   Thumb Code     0  startup_stm32f407xx.o(.text)
    DMA1_Stream4_IRQHandler                  0x080001b7   Thumb Code     0  startup_stm32f407xx.o(.text)
    DMA1_Stream5_IRQHandler                  0x080001b7   Thumb Code     0  startup_stm32f407xx.o(.text)
    DMA1_Stream6_IRQHandler                  0x080001b7   Thumb Code     0  startup_stm32f407xx.o(.text)
    DMA1_Stream7_IRQHandler                  0x080001b7   Thumb Code     0  startup_stm32f407xx.o(.text)
    DMA2_Stream1_IRQHandler                  0x080001b7   Thumb Code     0  startup_stm32f407xx.o(.text)
    DMA2_Stream2_IRQHandler                  0x080001b7   Thumb Code     0  startup_stm32f407xx.o(.text)
    DMA2_Stream3_IRQHandler                  0x080001b7   Thumb Code     0  startup_stm32f407xx.o(.text)
    DMA2_Stream4_IRQHandler                  0x080001b7   Thumb Code     0  startup_stm32f407xx.o(.text)
    DMA2_Stream5_IRQHandler                  0x080001b7   Thumb Code     0  startup_stm32f407xx.o(.text)
    DMA2_Stream6_IRQHandler                  0x080001b7   Thumb Code     0  startup_stm32f407xx.o(.text)
    DMA2_Stream7_IRQHandler                  0x080001b7   Thumb Code     0  startup_stm32f407xx.o(.text)
    ETH_IRQHandler                           0x080001b7   Thumb Code     0  startup_stm32f407xx.o(.text)
    ETH_WKUP_IRQHandler                      0x080001b7   Thumb Code     0  startup_stm32f407xx.o(.text)
    EXTI0_IRQHandler                         0x080001b7   Thumb Code     0  startup_stm32f407xx.o(.text)
    EXTI15_10_IRQHandler                     0x080001b7   Thumb Code     0  startup_stm32f407xx.o(.text)
    EXTI1_IRQHandler                         0x080001b7   Thumb Code     0  startup_stm32f407xx.o(.text)
    EXTI2_IRQHandler                         0x080001b7   Thumb Code     0  startup_stm32f407xx.o(.text)
    EXTI3_IRQHandler                         0x080001b7   Thumb Code     0  startup_stm32f407xx.o(.text)
    EXTI4_IRQHandler                         0x080001b7   Thumb Code     0  startup_stm32f407xx.o(.text)
    EXTI9_5_IRQHandler                       0x080001b7   Thumb Code     0  startup_stm32f407xx.o(.text)
    FLASH_IRQHandler                         0x080001b7   Thumb Code     0  startup_stm32f407xx.o(.text)
    FMC_IRQHandler                           0x080001b7   Thumb Code     0  startup_stm32f407xx.o(.text)
    FPU_IRQHandler                           0x080001b7   Thumb Code     0  startup_stm32f407xx.o(.text)
    HASH_RNG_IRQHandler                      0x080001b7   Thumb Code     0  startup_stm32f407xx.o(.text)
    I2C1_ER_IRQHandler                       0x080001b7   Thumb Code     0  startup_stm32f407xx.o(.text)
    I2C1_EV_IRQHandler                       0x080001b7   Thumb Code     0  startup_stm32f407xx.o(.text)
    I2C2_ER_IRQHandler                       0x080001b7   Thumb Code     0  startup_stm32f407xx.o(.text)
    I2C2_EV_IRQHandler                       0x080001b7   Thumb Code     0  startup_stm32f407xx.o(.text)
    I2C3_ER_IRQHandler                       0x080001b7   Thumb Code     0  startup_stm32f407xx.o(.text)
    I2C3_EV_IRQHandler                       0x080001b7   Thumb Code     0  startup_stm32f407xx.o(.text)
    OTG_FS_IRQHandler                        0x080001b7   Thumb Code     0  startup_stm32f407xx.o(.text)
    OTG_FS_WKUP_IRQHandler                   0x080001b7   Thumb Code     0  startup_stm32f407xx.o(.text)
    OTG_HS_EP1_IN_IRQHandler                 0x080001b7   Thumb Code     0  startup_stm32f407xx.o(.text)
    OTG_HS_EP1_OUT_IRQHandler                0x080001b7   Thumb Code     0  startup_stm32f407xx.o(.text)
    OTG_HS_IRQHandler                        0x080001b7   Thumb Code     0  startup_stm32f407xx.o(.text)
    OTG_HS_WKUP_IRQHandler                   0x080001b7   Thumb Code     0  startup_stm32f407xx.o(.text)
    PVD_IRQHandler                           0x080001b7   Thumb Code     0  startup_stm32f407xx.o(.text)
    RCC_IRQHandler                           0x080001b7   Thumb Code     0  startup_stm32f407xx.o(.text)
    RTC_Alarm_IRQHandler                     0x080001b7   Thumb Code     0  startup_stm32f407xx.o(.text)
    RTC_WKUP_IRQHandler                      0x080001b7   Thumb Code     0  startup_stm32f407xx.o(.text)
    SDIO_IRQHandler                          0x080001b7   Thumb Code     0  startup_stm32f407xx.o(.text)
    SPI1_IRQHandler                          0x080001b7   Thumb Code     0  startup_stm32f407xx.o(.text)
    SPI2_IRQHandler                          0x080001b7   Thumb Code     0  startup_stm32f407xx.o(.text)
    SPI3_IRQHandler                          0x080001b7   Thumb Code     0  startup_stm32f407xx.o(.text)
    TAMP_STAMP_IRQHandler                    0x080001b7   Thumb Code     0  startup_stm32f407xx.o(.text)
    TIM1_CC_IRQHandler                       0x080001b7   Thumb Code     0  startup_stm32f407xx.o(.text)
    TIM1_TRG_COM_TIM11_IRQHandler            0x080001b7   Thumb Code     0  startup_stm32f407xx.o(.text)
    TIM1_UP_TIM10_IRQHandler                 0x080001b7   Thumb Code     0  startup_stm32f407xx.o(.text)
    TIM2_IRQHandler                          0x080001b7   Thumb Code     0  startup_stm32f407xx.o(.text)
    TIM3_IRQHandler                          0x080001b7   Thumb Code     0  startup_stm32f407xx.o(.text)
    TIM4_IRQHandler                          0x080001b7   Thumb Code     0  startup_stm32f407xx.o(.text)
    TIM5_IRQHandler                          0x080001b7   Thumb Code     0  startup_stm32f407xx.o(.text)
    TIM6_DAC_IRQHandler                      0x080001b7   Thumb Code     0  startup_stm32f407xx.o(.text)
    TIM7_IRQHandler                          0x080001b7   Thumb Code     0  startup_stm32f407xx.o(.text)
    TIM8_BRK_TIM12_IRQHandler                0x080001b7   Thumb Code     0  startup_stm32f407xx.o(.text)
    TIM8_CC_IRQHandler                       0x080001b7   Thumb Code     0  startup_stm32f407xx.o(.text)
    UART4_IRQHandler                         0x080001b7   Thumb Code     0  startup_stm32f407xx.o(.text)
    UART5_IRQHandler                         0x080001b7   Thumb Code     0  startup_stm32f407xx.o(.text)
    USART1_IRQHandler                        0x080001b7   Thumb Code     0  startup_stm32f407xx.o(.text)
    USART2_IRQHandler                        0x080001b7   Thumb Code     0  startup_stm32f407xx.o(.text)
    USART6_IRQHandler                        0x080001b7   Thumb Code     0  startup_stm32f407xx.o(.text)
    WWDG_IRQHandler                          0x080001b7   Thumb Code     0  startup_stm32f407xx.o(.text)
    __aeabi_uldivmod                         0x080001c1   Thumb Code    98  uldiv.o(.text)
    __aeabi_memset                           0x08000223   Thumb Code    14  memseta.o(.text)
    __aeabi_memset4                          0x08000223   Thumb Code     0  memseta.o(.text)
    __aeabi_memset8                          0x08000223   Thumb Code     0  memseta.o(.text)
    __aeabi_memclr                           0x08000231   Thumb Code     4  memseta.o(.text)
    __aeabi_memclr4                          0x08000231   Thumb Code     0  memseta.o(.text)
    __aeabi_memclr8                          0x08000231   Thumb Code     0  memseta.o(.text)
    _memset$wrapper                          0x08000235   Thumb Code    18  memseta.o(.text)
    __aeabi_dadd                             0x08000247   Thumb Code   322  dadd.o(.text)
    __aeabi_dsub                             0x08000389   Thumb Code     6  dadd.o(.text)
    __aeabi_drsub                            0x0800038f   Thumb Code     6  dadd.o(.text)
    __aeabi_dmul                             0x08000395   Thumb Code   228  dmul.o(.text)
    __aeabi_ddiv                             0x08000479   Thumb Code   222  ddiv.o(.text)
    __aeabi_i2d                              0x08000557   Thumb Code    34  dflti.o(.text)
    __aeabi_f2d                              0x08000579   Thumb Code    38  f2d.o(.text)
    __aeabi_cdcmpeq                          0x080005a1   Thumb Code     0  cdcmple.o(.text)
    __aeabi_cdcmple                          0x080005a1   Thumb Code    48  cdcmple.o(.text)
    __aeabi_cdrcmple                         0x080005d1   Thumb Code    48  cdrcmple.o(.text)
    __aeabi_d2f                              0x08000601   Thumb Code    56  d2f.o(.text)
    __aeabi_uidiv                            0x08000639   Thumb Code     0  uidiv.o(.text)
    __aeabi_uidivmod                         0x08000639   Thumb Code    44  uidiv.o(.text)
    __aeabi_llsl                             0x08000665   Thumb Code    30  llshl.o(.text)
    _ll_shift_l                              0x08000665   Thumb Code     0  llshl.o(.text)
    __aeabi_llsr                             0x08000683   Thumb Code    32  llushr.o(.text)
    _ll_ushift_r                             0x08000683   Thumb Code     0  llushr.o(.text)
    __aeabi_lasr                             0x080006a3   Thumb Code    36  llsshr.o(.text)
    _ll_sshift_r                             0x080006a3   Thumb Code     0  llsshr.o(.text)
    __I$use$fp                               0x080006c7   Thumb Code     0  iusefp.o(.text)
    _float_round                             0x080006c7   Thumb Code    18  fepilogue.o(.text)
    _float_epilogue                          0x080006d9   Thumb Code    92  fepilogue.o(.text)
    _double_round                            0x08000735   Thumb Code    30  depilogue.o(.text)
    _double_epilogue                         0x08000753   Thumb Code   156  depilogue.o(.text)
    __aeabi_d2ulz                            0x080007ef   Thumb Code    48  dfixul.o(.text)
    __scatterload                            0x08000821   Thumb Code    28  init.o(.text)
    __scatterload_rt2                        0x08000821   Thumb Code     0  init.o(.text)
    __decompress                             0x08000845   Thumb Code     0  __dczerorl2.o(.text)
    __decompress1                            0x08000845   Thumb Code    86  __dczerorl2.o(.text)
    BusFault_Handler                         0x08000a51   Thumb Code     2  stm32f4xx_it.o(i.BusFault_Handler)
    DMA2_Stream0_IRQHandler                  0x08000a55   Thumb Code     6  stm32f4xx_it.o(i.DMA2_Stream0_IRQHandler)
    DebugMon_Handler                         0x08000b05   Thumb Code     2  stm32f4xx_it.o(i.DebugMon_Handler)
    Error_Handler                            0x08000b07   Thumb Code     2  main.o(i.Error_Handler)
    HAL_ADC_ConfigChannel                    0x08000b09   Thumb Code   316  stm32f4xx_hal_adc.o(i.HAL_ADC_ConfigChannel)
    HAL_ADC_ConvCpltCallback                 0x08000c55   Thumb Code     2  stm32f4xx_hal_adc.o(i.HAL_ADC_ConvCpltCallback)
    HAL_ADC_ConvHalfCpltCallback             0x08000c57   Thumb Code     2  stm32f4xx_hal_adc.o(i.HAL_ADC_ConvHalfCpltCallback)
    HAL_ADC_ErrorCallback                    0x08000c59   Thumb Code     2  stm32f4xx_hal_adc.o(i.HAL_ADC_ErrorCallback)
    HAL_ADC_Init                             0x08000c5b   Thumb Code    84  stm32f4xx_hal_adc.o(i.HAL_ADC_Init)
    HAL_ADC_MspInit                          0x08000cb1   Thumb Code   142  stm32f4xx_hal_msp.o(i.HAL_ADC_MspInit)
    HAL_ADC_Start_DMA                        0x08000d55   Thumb Code   270  stm32f4xx_hal_adc.o(i.HAL_ADC_Start_DMA)
    HAL_DMA_Abort_IT                         0x08000e89   Thumb Code    36  stm32f4xx_hal_dma.o(i.HAL_DMA_Abort_IT)
    HAL_DMA_IRQHandler                       0x08000ead   Thumb Code   412  stm32f4xx_hal_dma.o(i.HAL_DMA_IRQHandler)
    HAL_DMA_Init                             0x0800104d   Thumb Code   206  stm32f4xx_hal_dma.o(i.HAL_DMA_Init)
    HAL_DMA_Start_IT                         0x08001121   Thumb Code   120  stm32f4xx_hal_dma.o(i.HAL_DMA_Start_IT)
    HAL_Delay                                0x08001199   Thumb Code    32  stm32f4xx_hal.o(i.HAL_Delay)
    HAL_GPIO_Init                            0x080011bd   Thumb Code   402  stm32f4xx_hal_gpio.o(i.HAL_GPIO_Init)
    HAL_GPIO_WritePin                        0x0800137d   Thumb Code    10  stm32f4xx_hal_gpio.o(i.HAL_GPIO_WritePin)
    HAL_GetTick                              0x08001389   Thumb Code     6  stm32f4xx_hal.o(i.HAL_GetTick)
    HAL_IncTick                              0x08001395   Thumb Code    12  stm32f4xx_hal.o(i.HAL_IncTick)
    HAL_Init                                 0x080013a5   Thumb Code    48  stm32f4xx_hal.o(i.HAL_Init)
    HAL_InitTick                             0x080013d9   Thumb Code    54  stm32f4xx_hal.o(i.HAL_InitTick)
    HAL_MspInit                              0x08001419   Thumb Code    42  stm32f4xx_hal_msp.o(i.HAL_MspInit)
    HAL_NVIC_EnableIRQ                       0x08001449   Thumb Code    26  stm32f4xx_hal_cortex.o(i.HAL_NVIC_EnableIRQ)
    HAL_NVIC_SetPriority                     0x08001465   Thumb Code    60  stm32f4xx_hal_cortex.o(i.HAL_NVIC_SetPriority)
    HAL_NVIC_SetPriorityGrouping             0x080014a5   Thumb Code    26  stm32f4xx_hal_cortex.o(i.HAL_NVIC_SetPriorityGrouping)
    HAL_RCCEx_PeriphCLKConfig                0x080014c9   Thumb Code   294  stm32f4xx_hal_rcc_ex.o(i.HAL_RCCEx_PeriphCLKConfig)
    HAL_RCC_ClockConfig                      0x08001605   Thumb Code   286  stm32f4xx_hal_rcc.o(i.HAL_RCC_ClockConfig)
    HAL_RCC_GetPCLK1Freq                     0x08001735   Thumb Code    20  stm32f4xx_hal_rcc.o(i.HAL_RCC_GetPCLK1Freq)
    HAL_RCC_GetPCLK2Freq                     0x08001755   Thumb Code    20  stm32f4xx_hal_rcc.o(i.HAL_RCC_GetPCLK2Freq)
    HAL_RCC_GetSysClockFreq                  0x08001775   Thumb Code    88  stm32f4xx_hal_rcc.o(i.HAL_RCC_GetSysClockFreq)
    HAL_RCC_OscConfig                        0x080017d5   Thumb Code   766  stm32f4xx_hal_rcc.o(i.HAL_RCC_OscConfig)
    HAL_RTCEx_SetCalibrationOutPut           0x08001ae9   Thumb Code    76  stm32f4xx_hal_rtc_ex.o(i.HAL_RTCEx_SetCalibrationOutPut)
    HAL_RTC_Init                             0x08001b35   Thumb Code   166  stm32f4xx_hal_rtc.o(i.HAL_RTC_Init)
    HAL_RTC_MspInit                          0x08001be1   Thumb Code    16  stm32f4xx_hal_msp.o(i.HAL_RTC_MspInit)
    HAL_RTC_WaitForSynchro                   0x08001bf9   Thumb Code    52  stm32f4xx_hal_rtc.o(i.HAL_RTC_WaitForSynchro)
    HAL_SYSTICK_Config                       0x08001c2d   Thumb Code    40  stm32f4xx_hal_cortex.o(i.HAL_SYSTICK_Config)
    HAL_TIMEx_BreakCallback                  0x08001c55   Thumb Code     2  stm32f4xx_hal_tim_ex.o(i.HAL_TIMEx_BreakCallback)
    HAL_TIMEx_CommutCallback                 0x08001c57   Thumb Code     2  stm32f4xx_hal_tim_ex.o(i.HAL_TIMEx_CommutCallback)
    HAL_TIMEx_MasterConfigSynchronization    0x08001c59   Thumb Code    66  stm32f4xx_hal_tim_ex.o(i.HAL_TIMEx_MasterConfigSynchronization)
    HAL_TIM_Base_Init                        0x08001c9b   Thumb Code    54  stm32f4xx_hal_tim.o(i.HAL_TIM_Base_Init)
    HAL_TIM_Base_MspInit                     0x08001cd1   Thumb Code   126  stm32f4xx_hal_msp.o(i.HAL_TIM_Base_MspInit)
    HAL_TIM_Base_Start_IT                    0x08001d61   Thumb Code    34  stm32f4xx_hal_tim.o(i.HAL_TIM_Base_Start_IT)
    HAL_TIM_ConfigClockSource                0x08001d83   Thumb Code   214  stm32f4xx_hal_tim.o(i.HAL_TIM_ConfigClockSource)
    HAL_TIM_IC_CaptureCallback               0x08001e59   Thumb Code     2  stm32f4xx_hal_tim.o(i.HAL_TIM_IC_CaptureCallback)
    HAL_TIM_IRQHandler                       0x08001e5b   Thumb Code   358  stm32f4xx_hal_tim.o(i.HAL_TIM_IRQHandler)
    HAL_TIM_MspPostInit                      0x08001fc1   Thumb Code    72  stm32f4xx_hal_msp.o(i.HAL_TIM_MspPostInit)
    HAL_TIM_OC_DelayElapsedCallback          0x08002015   Thumb Code     2  stm32f4xx_hal_tim.o(i.HAL_TIM_OC_DelayElapsedCallback)
    HAL_TIM_PWM_ConfigChannel                0x08002017   Thumb Code   208  stm32f4xx_hal_tim.o(i.HAL_TIM_PWM_ConfigChannel)
    HAL_TIM_PWM_Init                         0x080020e7   Thumb Code    54  stm32f4xx_hal_tim.o(i.HAL_TIM_PWM_Init)
    HAL_TIM_PWM_MspInit                      0x0800211d   Thumb Code    30  stm32f4xx_hal_msp.o(i.HAL_TIM_PWM_MspInit)
    HAL_TIM_PWM_PulseFinishedCallback        0x08002145   Thumb Code     2  stm32f4xx_hal_tim.o(i.HAL_TIM_PWM_PulseFinishedCallback)
    HAL_TIM_PWM_Start                        0x08002149   Thumb Code    58  stm32f4xx_hal_tim.o(i.HAL_TIM_PWM_Start)
    HAL_TIM_PeriodElapsedCallback            0x0800218d   Thumb Code  6792  main.o(i.HAL_TIM_PeriodElapsedCallback)
    HAL_TIM_TriggerCallback                  0x08003c2d   Thumb Code     2  stm32f4xx_hal_tim.o(i.HAL_TIM_TriggerCallback)
    HAL_UART_ErrorCallback                   0x08003c2f   Thumb Code     2  stm32f4xx_hal_uart.o(i.HAL_UART_ErrorCallback)
    HAL_UART_IRQHandler                      0x08003c31   Thumb Code   266  stm32f4xx_hal_uart.o(i.HAL_UART_IRQHandler)
    HAL_UART_Init                            0x08003d41   Thumb Code    98  stm32f4xx_hal_uart.o(i.HAL_UART_Init)
    HAL_UART_MspInit                         0x08003da5   Thumb Code   190  stm32f4xx_hal_msp.o(i.HAL_UART_MspInit)
    HAL_UART_RxCpltCallback                  0x08003e79   Thumb Code     2  stm32f4xx_hal_uart.o(i.HAL_UART_RxCpltCallback)
    HAL_UART_TxCpltCallback                  0x08003e7b   Thumb Code     2  stm32f4xx_hal_uart.o(i.HAL_UART_TxCpltCallback)
    HardFault_Handler                        0x08003e7d   Thumb Code     2  stm32f4xx_it.o(i.HardFault_Handler)
    MemManage_Handler                        0x080040f5   Thumb Code     2  stm32f4xx_it.o(i.MemManage_Handler)
    NMI_Handler                              0x080040f7   Thumb Code     2  stm32f4xx_it.o(i.NMI_Handler)
    PendSV_Handler                           0x080040f9   Thumb Code     2  stm32f4xx_it.o(i.PendSV_Handler)
    RTC_EnterInitMode                        0x080040fb   Thumb Code    56  stm32f4xx_hal_rtc.o(i.RTC_EnterInitMode)
    SVC_Handler                              0x08004133   Thumb Code     2  stm32f4xx_it.o(i.SVC_Handler)
    SysTick_Handler                          0x08004135   Thumb Code     4  stm32f4xx_it.o(i.SysTick_Handler)
    SystemClock_Config                       0x08004139   Thumb Code   148  main.o(i.SystemClock_Config)
    SystemInit                               0x080041d5   Thumb Code    66  system_stm32f4xx.o(i.SystemInit)
    TIM1_BRK_TIM9_IRQHandler                 0x08004229   Thumb Code     6  stm32f4xx_it.o(i.TIM1_BRK_TIM9_IRQHandler)
    TIM8_TRG_COM_TIM14_IRQHandler            0x08004235   Thumb Code     6  stm32f4xx_it.o(i.TIM8_TRG_COM_TIM14_IRQHandler)
    TIM8_UP_TIM13_IRQHandler                 0x08004241   Thumb Code     6  stm32f4xx_it.o(i.TIM8_UP_TIM13_IRQHandler)
    TIM_Base_SetConfig                       0x0800424d   Thumb Code   156  stm32f4xx_hal_tim.o(i.TIM_Base_SetConfig)
    TIM_CCxChannelCmd                        0x08004315   Thumb Code    26  stm32f4xx_hal_tim.o(i.TIM_CCxChannelCmd)
    TIM_ETR_SetConfig                        0x0800432f   Thumb Code    20  stm32f4xx_hal_tim.o(i.TIM_ETR_SetConfig)
    TIM_OC2_SetConfig                        0x080043b5   Thumb Code    98  stm32f4xx_hal_tim.o(i.TIM_OC2_SetConfig)
    USART3_IRQHandler                        0x080048f1   Thumb Code     6  stm32f4xx_it.o(i.USART3_IRQHandler)
    UsageFault_Handler                       0x080048fd   Thumb Code     2  stm32f4xx_it.o(i.UsageFault_Handler)
    __0sprintf                               0x08004901   Thumb Code    34  printfa.o(i.__0sprintf)
    __1sprintf                               0x08004901   Thumb Code     0  printfa.o(i.__0sprintf)
    __2sprintf                               0x08004901   Thumb Code     0  printfa.o(i.__0sprintf)
    __c89sprintf                             0x08004901   Thumb Code     0  printfa.o(i.__0sprintf)
    sprintf                                  0x08004901   Thumb Code     0  printfa.o(i.__0sprintf)
    __scatterload_copy                       0x08004949   Thumb Code    14  handlers.o(i.__scatterload_copy)
    __scatterload_null                       0x08004957   Thumb Code     2  handlers.o(i.__scatterload_null)
    __scatterload_zeroinit                   0x08004959   Thumb Code    14  handlers.o(i.__scatterload_zeroinit)
    lcd_clear                                0x08005225   Thumb Code    20  lcd_character.o(i.lcd_clear)
    lcd_cmd                                  0x08005239   Thumb Code    28  lcd_character.o(i.lcd_cmd)
    lcd_data                                 0x08005255   Thumb Code    28  lcd_character.o(i.lcd_data)
    lcd_en_clk                               0x08005271   Thumb Code    34  lcd_character.o(i.lcd_en_clk)
    lcd_gotoxy                               0x08005299   Thumb Code    56  lcd_character.o(i.lcd_gotoxy)
    lcd_init                                 0x080052d5   Thumb Code   160  lcd_character.o(i.lcd_init)
    lcd_ins                                  0x08005379   Thumb Code    38  lcd_character.o(i.lcd_ins)
    lcd_ins2                                 0x080053a5   Thumb Code    38  lcd_character.o(i.lcd_ins2)
    lcd_puts                                 0x080053d1   Thumb Code    20  lcd_character.o(i.lcd_puts)
    lcd_reset                                0x080053e5   Thumb Code   102  lcd_character.o(i.lcd_reset)
    main                                     0x08005451   Thumb Code   770  main.o(i.main)
    wait_lcd                                 0x08005829   Thumb Code    14  lcd_character.o(i.wait_lcd)
    AHBPrescTable                            0x0800583e   Data          16  system_stm32f4xx.o(.constdata)
    APBPrescTable                            0x0800584e   Data           8  system_stm32f4xx.o(.constdata)
    Region$$Table$$Base                      0x08005858   Number         0  anon$$obj.o(Region$$Table)
    Region$$Table$$Limit                     0x08005878   Number         0  anon$$obj.o(Region$$Table)
    pwm                                      0x20000000   Data           4  main.o(.data)
    k                                        0x20000004   Data           4  main.o(.data)
    i                                        0x20000008   Data           4  main.o(.data)
    oNB                                      0x2000000c   Data           4  main.o(.data)
    oNK                                      0x20000010   Data           4  main.o(.data)
    oZ                                       0x20000014   Data           4  main.o(.data)
    oPK                                      0x20000018   Data           4  main.o(.data)
    oPB                                      0x2000001c   Data           4  main.o(.data)
    a                                        0x20000020   Data           4  main.o(.data)
    b                                        0x20000024   Data           4  main.o(.data)
    c                                        0x20000028   Data           4  main.o(.data)
    d                                        0x2000002c   Data           4  main.o(.data)
    e                                        0x20000030   Data           4  main.o(.data)
    f                                        0x20000034   Data           4  main.o(.data)
    g                                        0x20000038   Data           4  main.o(.data)
    hh                                       0x2000003c   Data           4  main.o(.data)
    ii                                       0x20000040   Data           4  main.o(.data)
    j                                        0x20000044   Data           4  main.o(.data)
    esblm                                    0x20000048   Data           4  main.o(.data)
    D                                        0x20000050   Data           4  main.o(.data)
    A1                                       0x20000054   Data           4  main.o(.data)
    Vsum1                                    0x20000058   Data           4  main.o(.data)
    Vadc1                                    0x2000005c   Data           4  main.o(.data)
    A2                                       0x20000060   Data           4  main.o(.data)
    Isum2                                    0x20000064   Data           4  main.o(.data)
    Iadc2                                    0x20000068   Data           4  main.o(.data)
    A3                                       0x2000006c   Data           4  main.o(.data)
    Vsum3                                    0x20000070   Data           4  main.o(.data)
    Vadc3                                    0x20000074   Data           4  main.o(.data)
    A4                                       0x20000078   Data           4  main.o(.data)
    Isum4                                    0x2000007c   Data           4  main.o(.data)
    Iadc4                                    0x20000080   Data           4  main.o(.data)
    Vin                                      0x20000084   Data           4  main.o(.data)
    Iin                                      0x20000088   Data           4  main.o(.data)
    Vout                                     0x2000008c   Data           4  main.o(.data)
    Iout                                     0x20000090   Data           4  main.o(.data)
    Pin                                      0x20000094   Data           4  main.o(.data)
    Pout                                     0x20000098   Data           4  main.o(.data)
    eNBU                                     0x2000009c   Data           4  main.o(.data)
    eNKU                                     0x200000a0   Data           4  main.o(.data)
    eZU                                      0x200000a4   Data           4  main.o(.data)
    ePKU                                     0x200000a8   Data           4  main.o(.data)
    ePBU                                     0x200000ac   Data           4  main.o(.data)
    eNBL                                     0x200000b0   Data           4  main.o(.data)
    eNKL                                     0x200000b4   Data           4  main.o(.data)
    eZL                                      0x200000b8   Data           4  main.o(.data)
    ePKL                                     0x200000bc   Data           4  main.o(.data)
    ePBL                                     0x200000c0   Data           4  main.o(.data)
    dNBU                                     0x200000c4   Data           4  main.o(.data)
    dNKU                                     0x200000c8   Data           4  main.o(.data)
    dZU                                      0x200000cc   Data           4  main.o(.data)
    dPKU                                     0x200000d0   Data           4  main.o(.data)
    dPBU                                     0x200000d4   Data           4  main.o(.data)
    dNBL                                     0x200000d8   Data           4  main.o(.data)
    dNKL                                     0x200000dc   Data           4  main.o(.data)
    dZL                                      0x200000e0   Data           4  main.o(.data)
    dPKL                                     0x200000e4   Data           4  main.o(.data)
    dPBL                                     0x200000e8   Data           4  main.o(.data)
    r1U                                      0x200000ec   Data           4  main.o(.data)
    r2U                                      0x200000f0   Data           4  main.o(.data)
    r3U                                      0x200000f4   Data           4  main.o(.data)
    r4U                                      0x200000f8   Data           4  main.o(.data)
    r5U                                      0x200000fc   Data           4  main.o(.data)
    r6U                                      0x20000100   Data           4  main.o(.data)
    r7U                                      0x20000104   Data           4  main.o(.data)
    r8U                                      0x20000108   Data           4  main.o(.data)
    r9U                                      0x2000010c   Data           4  main.o(.data)
    r10U                                     0x20000110   Data           4  main.o(.data)
    r11U                                     0x20000114   Data           4  main.o(.data)
    r12U                                     0x20000118   Data           4  main.o(.data)
    r13U                                     0x2000011c   Data           4  main.o(.data)
    r14U                                     0x20000120   Data           4  main.o(.data)
    r15U                                     0x20000124   Data           4  main.o(.data)
    r16U                                     0x20000128   Data           4  main.o(.data)
    r17U                                     0x2000012c   Data           4  main.o(.data)
    r18U                                     0x20000130   Data           4  main.o(.data)
    r19U                                     0x20000134   Data           4  main.o(.data)
    r20U                                     0x20000138   Data           4  main.o(.data)
    r21U                                     0x2000013c   Data           4  main.o(.data)
    r22U                                     0x20000140   Data           4  main.o(.data)
    r23U                                     0x20000144   Data           4  main.o(.data)
    r24U                                     0x20000148   Data           4  main.o(.data)
    r25U                                     0x2000014c   Data           4  main.o(.data)
    r1L                                      0x20000150   Data           4  main.o(.data)
    r2L                                      0x20000154   Data           4  main.o(.data)
    r3L                                      0x20000158   Data           4  main.o(.data)
    r4L                                      0x2000015c   Data           4  main.o(.data)
    r5L                                      0x20000160   Data           4  main.o(.data)
    r6L                                      0x20000164   Data           4  main.o(.data)
    r7L                                      0x20000168   Data           4  main.o(.data)
    r8L                                      0x2000016c   Data           4  main.o(.data)
    r9L                                      0x20000170   Data           4  main.o(.data)
    r10L                                     0x20000174   Data           4  main.o(.data)
    r11L                                     0x20000178   Data           4  main.o(.data)
    r12L                                     0x2000017c   Data           4  main.o(.data)
    r13L                                     0x20000180   Data           4  main.o(.data)
    r14L                                     0x20000184   Data           4  main.o(.data)
    r15L                                     0x20000188   Data           4  main.o(.data)
    r16L                                     0x2000018c   Data           4  main.o(.data)
    r17L                                     0x20000190   Data           4  main.o(.data)
    r18L                                     0x20000194   Data           4  main.o(.data)
    r19L                                     0x20000198   Data           4  main.o(.data)
    r20L                                     0x2000019c   Data           4  main.o(.data)
    r21L                                     0x200001a0   Data           4  main.o(.data)
    r22L                                     0x200001a4   Data           4  main.o(.data)
    r23L                                     0x200001a8   Data           4  main.o(.data)
    r24L                                     0x200001ac   Data           4  main.o(.data)
    r25L                                     0x200001b0   Data           4  main.o(.data)
    r1                                       0x200001b4   Data           4  main.o(.data)
    r2                                       0x200001b8   Data           4  main.o(.data)
    r3                                       0x200001bc   Data           4  main.o(.data)
    r4                                       0x200001c0   Data           4  main.o(.data)
    r5                                       0x200001c4   Data           4  main.o(.data)
    r6                                       0x200001c8   Data           4  main.o(.data)
    r7                                       0x200001cc   Data           4  main.o(.data)
    r8                                       0x200001d0   Data           4  main.o(.data)
    r9                                       0x200001d4   Data           4  main.o(.data)
    r10                                      0x200001d8   Data           4  main.o(.data)
    r11                                      0x200001dc   Data           4  main.o(.data)
    r12                                      0x200001e0   Data           4  main.o(.data)
    r13                                      0x200001e4   Data           4  main.o(.data)
    r14                                      0x200001e8   Data           4  main.o(.data)
    r15                                      0x200001ec   Data           4  main.o(.data)
    r16                                      0x200001f0   Data           4  main.o(.data)
    r17                                      0x200001f4   Data           4  main.o(.data)
    r18                                      0x200001f8   Data           4  main.o(.data)
    r19                                      0x200001fc   Data           4  main.o(.data)
    r20                                      0x20000200   Data           4  main.o(.data)
    r21                                      0x20000204   Data           4  main.o(.data)
    r22                                      0x20000208   Data           4  main.o(.data)
    r23                                      0x2000020c   Data           4  main.o(.data)
    r24                                      0x20000210   Data           4  main.o(.data)
    r25                                      0x20000214   Data           4  main.o(.data)
    defuzzy                                  0x20000218   Data           4  main.o(.data)
    vv                                       0x2000021c   Data           4  main.o(.data)
    pp                                       0x20000220   Data           4  main.o(.data)
    vs                                       0x20000224   Data           4  main.o(.data)
    is                                       0x20000228   Data           4  main.o(.data)
    ps                                       0x2000022c   Data           4  main.o(.data)
    pout                                     0x20000230   Data           4  main.o(.data)
    hasil                                    0x20000234   Data           4  main.o(.data)
    dppp                                     0x20000238   Data           4  main.o(.data)
    dvvv                                     0x2000023c   Data           4  main.o(.data)
    error                                    0x20000248   Data           8  main.o(.data)
    derror                                   0x20000250   Data           8  main.o(.data)
    uwTickFreq                               0x20000258   Data           1  stm32f4xx_hal.o(.data)
    uwTickPrio                               0x2000025c   Data           4  stm32f4xx_hal.o(.data)
    uwTick                                   0x20000260   Data           4  stm32f4xx_hal.o(.data)
    SystemCoreClock                          0x20000264   Data           4  system_stm32f4xx.o(.data)
    hadc1                                    0x20000268   Data          72  main.o(.bss)
    hrtc                                     0x200002b0   Data          32  main.o(.bss)
    htim4                                    0x200002d0   Data          64  main.o(.bss)
    htim9                                    0x20000310   Data          64  main.o(.bss)
    htim13                                   0x20000350   Data          64  main.o(.bss)
    htim14                                   0x20000390   Data          64  main.o(.bss)
    huart1                                   0x200003d0   Data          64  main.o(.bss)
    huart3                                   0x20000410   Data          64  main.o(.bss)
    ADC_value                                0x20000450   Data          10  main.o(.bss)
    bufferD                                  0x2000045a   Data         200  main.o(.bss)
    Vsq1                                     0x20000524   Data        4000  main.o(.bss)
    Isq2                                     0x200014c4   Data        4000  main.o(.bss)
    Vsq3                                     0x20002464   Data        4000  main.o(.bss)
    Isq4                                     0x20003404   Data        4000  main.o(.bss)
    buffer_Vin                               0x200043a4   Data         200  main.o(.bss)
    buffer_Iin                               0x2000446c   Data         200  main.o(.bss)
    buffer_Vout                              0x20004534   Data         200  main.o(.bss)
    buffer_Iout                              0x200045fc   Data         200  main.o(.bss)
    buffer_Pin                               0x200046c4   Data         200  main.o(.bss)
    buffer_Pout                              0x2000478c   Data         200  main.o(.bss)
    hdma_adc1                                0x20004854   Data          96  main.o(.bss)
    __initial_sp                             0x20004cb8   Data           0  startup_stm32f407xx.o(STACK)



==============================================================================

Memory Map of the image

  Image Entry point : 0x08000189

  Load Region LR_IROM1 (Base: 0x08000000, Size: 0x00005ae0, Max: 0x00100000, ABSOLUTE, COMPRESSED[0x000058ac])

    Execution Region ER_IROM1 (Base: 0x08000000, Size: 0x00005878, Max: 0x00100000, ABSOLUTE)

    Base Addr    Size         Type   Attr      Idx    E Section Name        Object

    0x08000000   0x00000188   Data   RO            3    RESET               startup_stm32f407xx.o
    0x08000188   0x00000000   Code   RO         3690  * .ARM.Collect$$$$00000000  mc_w.l(entry.o)
    0x08000188   0x00000004   Code   RO         3974    .ARM.Collect$$$$00000001  mc_w.l(entry2.o)
    0x0800018c   0x00000004   Code   RO         3977    .ARM.Collect$$$$00000004  mc_w.l(entry5.o)
    0x08000190   0x00000000   Code   RO         3979    .ARM.Collect$$$$00000008  mc_w.l(entry7b.o)
    0x08000190   0x00000000   Code   RO         3981    .ARM.Collect$$$$0000000A  mc_w.l(entry8b.o)
    0x08000190   0x00000008   Code   RO         3982    .ARM.Collect$$$$0000000B  mc_w.l(entry9a.o)
    0x08000198   0x00000000   Code   RO         3984    .ARM.Collect$$$$0000000D  mc_w.l(entry10a.o)
    0x08000198   0x00000000   Code   RO         3986    .ARM.Collect$$$$0000000F  mc_w.l(entry11a.o)
    0x08000198   0x00000004   Code   RO         3975    .ARM.Collect$$$$00002712  mc_w.l(entry2.o)
    0x0800019c   0x00000024   Code   RO            4    .text               startup_stm32f407xx.o
    0x080001c0   0x00000062   Code   RO         3693    .text               mc_w.l(uldiv.o)
    0x08000222   0x00000024   Code   RO         3695    .text               mc_w.l(memseta.o)
    0x08000246   0x0000014e   Code   RO         3958    .text               mf_w.l(dadd.o)
    0x08000394   0x000000e4   Code   RO         3960    .text               mf_w.l(dmul.o)
    0x08000478   0x000000de   Code   RO         3962    .text               mf_w.l(ddiv.o)
    0x08000556   0x00000022   Code   RO         3964    .text               mf_w.l(dflti.o)
    0x08000578   0x00000026   Code   RO         3966    .text               mf_w.l(f2d.o)
    0x0800059e   0x00000002   PAD
    0x080005a0   0x00000030   Code   RO         3968    .text               mf_w.l(cdcmple.o)
    0x080005d0   0x00000030   Code   RO         3970    .text               mf_w.l(cdrcmple.o)
    0x08000600   0x00000038   Code   RO         3972    .text               mf_w.l(d2f.o)
    0x08000638   0x0000002c   Code   RO         3991    .text               mc_w.l(uidiv.o)
    0x08000664   0x0000001e   Code   RO         3993    .text               mc_w.l(llshl.o)
    0x08000682   0x00000020   Code   RO         3995    .text               mc_w.l(llushr.o)
    0x080006a2   0x00000024   Code   RO         3997    .text               mc_w.l(llsshr.o)
    0x080006c6   0x00000000   Code   RO         3999    .text               mc_w.l(iusefp.o)
    0x080006c6   0x0000006e   Code   RO         4000    .text               mf_w.l(fepilogue.o)
    0x08000734   0x000000ba   Code   RO         4002    .text               mf_w.l(depilogue.o)
    0x080007ee   0x00000030   Code   RO         4004    .text               mf_w.l(dfixul.o)
    0x0800081e   0x00000002   PAD
    0x08000820   0x00000024   Code   RO         4006    .text               mc_w.l(init.o)
    0x08000844   0x00000056   Code   RO         4018    .text               mc_w.l(__dczerorl2.o)
    0x0800089a   0x0000006e   Code   RO          632    i.ADC_DMAConvCplt   stm32f4xx_hal_adc.o
    0x08000908   0x00000016   Code   RO          633    i.ADC_DMAError      stm32f4xx_hal_adc.o
    0x0800091e   0x0000000a   Code   RO          634    i.ADC_DMAHalfConvCplt  stm32f4xx_hal_adc.o
    0x08000928   0x00000128   Code   RO          635    i.ADC_Init          stm32f4xx_hal_adc.o
    0x08000a50   0x00000002   Code   RO          265    i.BusFault_Handler  stm32f4xx_it.o
    0x08000a52   0x00000002   PAD
    0x08000a54   0x0000000c   Code   RO          266    i.DMA2_Stream0_IRQHandler  stm32f4xx_it.o
    0x08000a60   0x00000028   Code   RO         1366    i.DMA_CalcBaseAndBitshift  stm32f4xx_hal_dma.o
    0x08000a88   0x00000054   Code   RO         1367    i.DMA_CheckFifoParam  stm32f4xx_hal_dma.o
    0x08000adc   0x00000028   Code   RO         1368    i.DMA_SetConfig     stm32f4xx_hal_dma.o
    0x08000b04   0x00000002   Code   RO          267    i.DebugMon_Handler  stm32f4xx_it.o
    0x08000b06   0x00000002   Code   RO           13    i.Error_Handler     main.o
    0x08000b08   0x0000014c   Code   RO          637    i.HAL_ADC_ConfigChannel  stm32f4xx_hal_adc.o
    0x08000c54   0x00000002   Code   RO          638    i.HAL_ADC_ConvCpltCallback  stm32f4xx_hal_adc.o
    0x08000c56   0x00000002   Code   RO          639    i.HAL_ADC_ConvHalfCpltCallback  stm32f4xx_hal_adc.o
    0x08000c58   0x00000002   Code   RO          641    i.HAL_ADC_ErrorCallback  stm32f4xx_hal_adc.o
    0x08000c5a   0x00000054   Code   RO          646    i.HAL_ADC_Init      stm32f4xx_hal_adc.o
    0x08000cae   0x00000002   PAD
    0x08000cb0   0x000000a4   Code   RO          372    i.HAL_ADC_MspInit   stm32f4xx_hal_msp.o
    0x08000d54   0x00000134   Code   RO          653    i.HAL_ADC_Start_DMA  stm32f4xx_hal_adc.o
    0x08000e88   0x00000024   Code   RO         1370    i.HAL_DMA_Abort_IT  stm32f4xx_hal_dma.o
    0x08000eac   0x000001a0   Code   RO         1374    i.HAL_DMA_IRQHandler  stm32f4xx_hal_dma.o
    0x0800104c   0x000000d4   Code   RO         1375    i.HAL_DMA_Init      stm32f4xx_hal_dma.o
    0x08001120   0x00000078   Code   RO         1379    i.HAL_DMA_Start_IT  stm32f4xx_hal_dma.o
    0x08001198   0x00000024   Code   RO         1788    i.HAL_Delay         stm32f4xx_hal.o
    0x080011bc   0x000001c0   Code   RO         1262    i.HAL_GPIO_Init     stm32f4xx_hal_gpio.o
    0x0800137c   0x0000000a   Code   RO         1266    i.HAL_GPIO_WritePin  stm32f4xx_hal_gpio.o
    0x08001386   0x00000002   PAD
    0x08001388   0x0000000c   Code   RO         1794    i.HAL_GetTick       stm32f4xx_hal.o
    0x08001394   0x00000010   Code   RO         1800    i.HAL_IncTick       stm32f4xx_hal.o
    0x080013a4   0x00000034   Code   RO         1801    i.HAL_Init          stm32f4xx_hal.o
    0x080013d8   0x00000040   Code   RO         1802    i.HAL_InitTick      stm32f4xx_hal.o
    0x08001418   0x00000030   Code   RO          373    i.HAL_MspInit       stm32f4xx_hal_msp.o
    0x08001448   0x0000001a   Code   RO         1651    i.HAL_NVIC_EnableIRQ  stm32f4xx_hal_cortex.o
    0x08001462   0x00000002   PAD
    0x08001464   0x00000040   Code   RO         1657    i.HAL_NVIC_SetPriority  stm32f4xx_hal_cortex.o
    0x080014a4   0x00000024   Code   RO         1658    i.HAL_NVIC_SetPriorityGrouping  stm32f4xx_hal_cortex.o
    0x080014c8   0x0000013c   Code   RO         1013    i.HAL_RCCEx_PeriphCLKConfig  stm32f4xx_hal_rcc_ex.o
    0x08001604   0x00000130   Code   RO          908    i.HAL_RCC_ClockConfig  stm32f4xx_hal_rcc.o
    0x08001734   0x00000020   Code   RO          915    i.HAL_RCC_GetPCLK1Freq  stm32f4xx_hal_rcc.o
    0x08001754   0x00000020   Code   RO          916    i.HAL_RCC_GetPCLK2Freq  stm32f4xx_hal_rcc.o
    0x08001774   0x00000060   Code   RO          917    i.HAL_RCC_GetSysClockFreq  stm32f4xx_hal_rcc.o
    0x080017d4   0x00000314   Code   RO          920    i.HAL_RCC_OscConfig  stm32f4xx_hal_rcc.o
    0x08001ae8   0x0000004c   Code   RO         2191    i.HAL_RTCEx_SetCalibrationOutPut  stm32f4xx_hal_rtc_ex.o
    0x08001b34   0x000000ac   Code   RO         2044    i.HAL_RTC_Init      stm32f4xx_hal_rtc.o
    0x08001be0   0x00000018   Code   RO          375    i.HAL_RTC_MspInit   stm32f4xx_hal_msp.o
    0x08001bf8   0x00000034   Code   RO         2052    i.HAL_RTC_WaitForSynchro  stm32f4xx_hal_rtc.o
    0x08001c2c   0x00000028   Code   RO         1662    i.HAL_SYSTICK_Config  stm32f4xx_hal_cortex.o
    0x08001c54   0x00000002   Code   RO         3078    i.HAL_TIMEx_BreakCallback  stm32f4xx_hal_tim_ex.o
    0x08001c56   0x00000002   Code   RO         3079    i.HAL_TIMEx_CommutCallback  stm32f4xx_hal_tim_ex.o
    0x08001c58   0x00000042   Code   RO         3096    i.HAL_TIMEx_MasterConfigSynchronization  stm32f4xx_hal_tim_ex.o
    0x08001c9a   0x00000036   Code   RO         2403    i.HAL_TIM_Base_Init  stm32f4xx_hal_tim.o
    0x08001cd0   0x00000090   Code   RO          377    i.HAL_TIM_Base_MspInit  stm32f4xx_hal_msp.o
    0x08001d60   0x00000022   Code   RO         2408    i.HAL_TIM_Base_Start_IT  stm32f4xx_hal_tim.o
    0x08001d82   0x000000d6   Code   RO         2412    i.HAL_TIM_ConfigClockSource  stm32f4xx_hal_tim.o
    0x08001e58   0x00000002   Code   RO         2432    i.HAL_TIM_IC_CaptureCallback  stm32f4xx_hal_tim.o
    0x08001e5a   0x00000166   Code   RO         2446    i.HAL_TIM_IRQHandler  stm32f4xx_hal_tim.o
    0x08001fc0   0x00000054   Code   RO          378    i.HAL_TIM_MspPostInit  stm32f4xx_hal_msp.o
    0x08002014   0x00000002   Code   RO         2449    i.HAL_TIM_OC_DelayElapsedCallback  stm32f4xx_hal_tim.o
    0x08002016   0x000000d0   Code   RO         2470    i.HAL_TIM_PWM_ConfigChannel  stm32f4xx_hal_tim.o
    0x080020e6   0x00000036   Code   RO         2473    i.HAL_TIM_PWM_Init  stm32f4xx_hal_tim.o
    0x0800211c   0x00000028   Code   RO          380    i.HAL_TIM_PWM_MspInit  stm32f4xx_hal_msp.o
    0x08002144   0x00000002   Code   RO         2476    i.HAL_TIM_PWM_PulseFinishedCallback  stm32f4xx_hal_tim.o
    0x08002146   0x00000002   PAD
    0x08002148   0x00000044   Code   RO         2478    i.HAL_TIM_PWM_Start  stm32f4xx_hal_tim.o
    0x0800218c   0x00001aa0   Code   RO           14    i.HAL_TIM_PeriodElapsedCallback  main.o
    0x08003c2c   0x00000002   Code   RO         2489    i.HAL_TIM_TriggerCallback  stm32f4xx_hal_tim.o
    0x08003c2e   0x00000002   Code   RO         3350    i.HAL_UART_ErrorCallback  stm32f4xx_hal_uart.o
    0x08003c30   0x00000110   Code   RO         3353    i.HAL_UART_IRQHandler  stm32f4xx_hal_uart.o
    0x08003d40   0x00000062   Code   RO         3354    i.HAL_UART_Init     stm32f4xx_hal_uart.o
    0x08003da2   0x00000002   PAD
    0x08003da4   0x000000d4   Code   RO          382    i.HAL_UART_MspInit  stm32f4xx_hal_msp.o
    0x08003e78   0x00000002   Code   RO         3360    i.HAL_UART_RxCpltCallback  stm32f4xx_hal_uart.o
    0x08003e7a   0x00000002   Code   RO         3365    i.HAL_UART_TxCpltCallback  stm32f4xx_hal_uart.o
    0x08003e7c   0x00000002   Code   RO          268    i.HardFault_Handler  stm32f4xx_it.o
    0x08003e7e   0x00000002   PAD
    0x08003e80   0x0000008c   Code   RO           15    i.MX_ADC1_Init      main.o
    0x08003f0c   0x000000f0   Code   RO           16    i.MX_GPIO_Init      main.o
    0x08003ffc   0x0000004c   Code   RO           17    i.MX_TIM13_Init     main.o
    0x08004048   0x0000004c   Code   RO           18    i.MX_TIM14_Init     main.o
    0x08004094   0x00000060   Code   RO           19    i.MX_TIM4_Init      main.o
    0x080040f4   0x00000002   Code   RO          269    i.MemManage_Handler  stm32f4xx_it.o
    0x080040f6   0x00000002   Code   RO          270    i.NMI_Handler       stm32f4xx_it.o
    0x080040f8   0x00000002   Code   RO          271    i.PendSV_Handler    stm32f4xx_it.o
    0x080040fa   0x00000038   Code   RO         2055    i.RTC_EnterInitMode  stm32f4xx_hal_rtc.o
    0x08004132   0x00000002   Code   RO          272    i.SVC_Handler       stm32f4xx_it.o
    0x08004134   0x00000004   Code   RO          273    i.SysTick_Handler   stm32f4xx_it.o
    0x08004138   0x0000009c   Code   RO           20    i.SystemClock_Config  main.o
    0x080041d4   0x00000054   Code   RO         3656    i.SystemInit        system_stm32f4xx.o
    0x08004228   0x0000000c   Code   RO          274    i.TIM1_BRK_TIM9_IRQHandler  stm32f4xx_it.o
    0x08004234   0x0000000c   Code   RO          275    i.TIM8_TRG_COM_TIM14_IRQHandler  stm32f4xx_it.o
    0x08004240   0x0000000c   Code   RO          276    i.TIM8_UP_TIM13_IRQHandler  stm32f4xx_it.o
    0x0800424c   0x000000c8   Code   RO         2491    i.TIM_Base_SetConfig  stm32f4xx_hal_tim.o
    0x08004314   0x0000001a   Code   RO         2492    i.TIM_CCxChannelCmd  stm32f4xx_hal_tim.o
    0x0800432e   0x00000014   Code   RO         2502    i.TIM_ETR_SetConfig  stm32f4xx_hal_tim.o
    0x08004342   0x00000010   Code   RO         2503    i.TIM_ITRx_SetConfig  stm32f4xx_hal_tim.o
    0x08004352   0x00000002   PAD
    0x08004354   0x00000060   Code   RO         2504    i.TIM_OC1_SetConfig  stm32f4xx_hal_tim.o
    0x080043b4   0x0000006c   Code   RO         2505    i.TIM_OC2_SetConfig  stm32f4xx_hal_tim.o
    0x08004420   0x00000068   Code   RO         2506    i.TIM_OC3_SetConfig  stm32f4xx_hal_tim.o
    0x08004488   0x00000050   Code   RO         2507    i.TIM_OC4_SetConfig  stm32f4xx_hal_tim.o
    0x080044d8   0x00000022   Code   RO         2509    i.TIM_TI1_ConfigInputStage  stm32f4xx_hal_tim.o
    0x080044fa   0x00000024   Code   RO         2511    i.TIM_TI2_ConfigInputStage  stm32f4xx_hal_tim.o
    0x0800451e   0x00000010   Code   RO         3367    i.UART_DMAAbortOnError  stm32f4xx_hal_uart.o
    0x0800452e   0x0000001c   Code   RO         3377    i.UART_EndRxTransfer  stm32f4xx_hal_uart.o
    0x0800454a   0x00000096   Code   RO         3379    i.UART_Receive_IT   stm32f4xx_hal_uart.o
    0x080045e0   0x000002ac   Code   RO         3380    i.UART_SetConfig    stm32f4xx_hal_uart.o
    0x0800488c   0x00000062   Code   RO         3381    i.UART_Transmit_IT  stm32f4xx_hal_uart.o
    0x080048ee   0x00000002   PAD
    0x080048f0   0x0000000c   Code   RO          277    i.USART3_IRQHandler  stm32f4xx_it.o
    0x080048fc   0x00000002   Code   RO          278    i.UsageFault_Handler  stm32f4xx_it.o
    0x080048fe   0x00000002   PAD
    0x08004900   0x00000028   Code   RO         3932    i.__0sprintf        mc_w.l(printfa.o)
    0x08004928   0x00000020   Code   RO         1664    i.__NVIC_SetPriority  stm32f4xx_hal_cortex.o
    0x08004948   0x0000000e   Code   RO         4012    i.__scatterload_copy  mc_w.l(handlers.o)
    0x08004956   0x00000002   Code   RO         4013    i.__scatterload_null  mc_w.l(handlers.o)
    0x08004958   0x0000000e   Code   RO         4014    i.__scatterload_zeroinit  mc_w.l(handlers.o)
    0x08004966   0x00000002   PAD
    0x08004968   0x00000184   Code   RO         3937    i._fp_digits        mc_w.l(printfa.o)
    0x08004aec   0x000006dc   Code   RO         3938    i._printf_core      mc_w.l(printfa.o)
    0x080051c8   0x00000024   Code   RO         3939    i._printf_post_padding  mc_w.l(printfa.o)
    0x080051ec   0x0000002e   Code   RO         3940    i._printf_pre_padding  mc_w.l(printfa.o)
    0x0800521a   0x0000000a   Code   RO         3942    i._sputc            mc_w.l(printfa.o)
    0x08005224   0x00000014   Code   RO          466    i.lcd_clear         lcd_character.o
    0x08005238   0x0000001c   Code   RO          467    i.lcd_cmd           lcd_character.o
    0x08005254   0x0000001c   Code   RO          468    i.lcd_data          lcd_character.o
    0x08005270   0x00000028   Code   RO          469    i.lcd_en_clk        lcd_character.o
    0x08005298   0x0000003c   Code   RO          471    i.lcd_gotoxy        lcd_character.o
    0x080052d4   0x000000a4   Code   RO          476    i.lcd_init          lcd_character.o
    0x08005378   0x0000002c   Code   RO          477    i.lcd_ins           lcd_character.o
    0x080053a4   0x0000002c   Code   RO          478    i.lcd_ins2          lcd_character.o
    0x080053d0   0x00000014   Code   RO          481    i.lcd_puts          lcd_character.o
    0x080053e4   0x0000006c   Code   RO          482    i.lcd_reset         lcd_character.o
    0x08005450   0x000003d8   Code   RO           21    i.main              main.o
    0x08005828   0x0000000e   Code   RO          487    i.wait_lcd          lcd_character.o
    0x08005836   0x00000008   Data   RO         1381    .constdata          stm32f4xx_hal_dma.o
    0x0800583e   0x00000010   Data   RO         3657    .constdata          system_stm32f4xx.o
    0x0800584e   0x00000008   Data   RO         3658    .constdata          system_stm32f4xx.o
    0x08005856   0x00000002   PAD
    0x08005858   0x00000020   Data   RO         4010    Region$$Table       anon$$obj.o


    Execution Region RW_IRAM1 (Base: 0x20000000, Size: 0x00004cb8, Max: 0x00020000, ABSOLUTE, COMPRESSED[0x00000034])

    Base Addr    Size         Type   Attr      Idx    E Section Name        Object

    0x20000000   0x00000258   Data   RW           33    .data               main.o
    0x20000258   0x0000000c   Data   RW         1808    .data               stm32f4xx_hal.o
    0x20000264   0x00000004   Data   RW         3659    .data               system_stm32f4xx.o
    0x20000268   0x000045ec   Zero   RW           22    .bss                main.o
    0x20004854   0x00000060   Zero   RW           23    .bss                main.o
    0x200048b4   0x00000004   PAD
    0x200048b8   0x00000400   Zero   RW            1    STACK               startup_stm32f407xx.o


==============================================================================

Image component sizes


      Code (inc. data)   RO Data    RW Data    ZI Data      Debug   Object Name

       570         32          0          0          0       7197   lcd_character.o
      8586        418          0        600      17996     742321   main.o
        36          8        392          0       1024        864   startup_stm32f407xx.o
       180         28          0         12          0       4769   stm32f4xx_hal.o
      1168         66          0          0          0       7757   stm32f4xx_hal_adc.o
       198         14          0          0          0      34079   stm32f4xx_hal_cortex.o
       948         16          8          0          0       6710   stm32f4xx_hal_dma.o
       458         46          0          0          0       2616   stm32f4xx_hal_gpio.o
       716         98          0          0          0       5272   stm32f4xx_hal_msp.o
      1252         72          0          0          0       5436   stm32f4xx_hal_rcc.o
       316         22          0          0          0       1516   stm32f4xx_hal_rcc_ex.o
       280          6          0          0          0       2972   stm32f4xx_hal_rtc.o
        76          0          0          0          0       1237   stm32f4xx_hal_rtc_ex.o
      1718         90          0          0          0      17160   stm32f4xx_hal_tim.o
        70          0          0          0          0       2593   stm32f4xx_hal_tim_ex.o
      1352         14          0          0          0       7827   stm32f4xx_hal_uart.o
        80         30          0          0          0       6830   stm32f4xx_it.o
        84         18         24          4          0       1243   system_stm32f4xx.o

    ----------------------------------------------------------------------
     18108        978        458        616      19024     858399   Object Totals
         0          0         32          0          0          0   (incl. Generated)
        20          0          2          0          4          0   (incl. Padding)

    ----------------------------------------------------------------------

      Code (inc. data)   RO Data    RW Data    ZI Data      Debug   Library Member Name

        86          0          0          0          0          0   __dczerorl2.o
         0          0          0          0          0          0   entry.o
         0          0          0          0          0          0   entry10a.o
         0          0          0          0          0          0   entry11a.o
         8          4          0          0          0          0   entry2.o
         4          0          0          0          0          0   entry5.o
         0          0          0          0          0          0   entry7b.o
         0          0          0          0          0          0   entry8b.o
         8          4          0          0          0          0   entry9a.o
        30          0          0          0          0          0   handlers.o
        36          8          0          0          0         68   init.o
         0          0          0          0          0          0   iusefp.o
        30          0          0          0          0         68   llshl.o
        36          0          0          0          0         68   llsshr.o
        32          0          0          0          0         68   llushr.o
        36          0          0          0          0        108   memseta.o
      2276         86          0          0          0        520   printfa.o
        44          0          0          0          0         80   uidiv.o
        98          0          0          0          0         92   uldiv.o
        48          0          0          0          0         68   cdcmple.o
        48          0          0          0          0         68   cdrcmple.o
        56          0          0          0          0         88   d2f.o
       334          0          0          0          0        148   dadd.o
       222          0          0          0          0        100   ddiv.o
       186          0          0          0          0        176   depilogue.o
        48          0          0          0          0         68   dfixul.o
        34          0          0          0          0         76   dflti.o
       228          0          0          0          0         96   dmul.o
        38          0          0          0          0         68   f2d.o
       110          0          0          0          0        168   fepilogue.o

    ----------------------------------------------------------------------
      4082        102          0          0          0       2196   Library Totals
         6          0          0          0          0          0   (incl. Padding)

    ----------------------------------------------------------------------

      Code (inc. data)   RO Data    RW Data    ZI Data      Debug   Library Name

      2724        102          0          0          0       1072   mc_w.l
      1352          0          0          0          0       1124   mf_w.l

    ----------------------------------------------------------------------
      4082        102          0          0          0       2196   Library Totals

    ----------------------------------------------------------------------

==============================================================================


      Code (inc. data)   RO Data    RW Data    ZI Data      Debug   

     22190       1080        458        616      19024     848987   Grand Totals
     22190       1080        458         52      19024     848987   ELF Image Totals (compressed)
     22190       1080        458         52          0          0   ROM Totals

==============================================================================

    Total RO  Size (Code + RO Data)                22648 (  22.12kB)
    Total RW  Size (RW Data + ZI Data)             19640 (  19.18kB)
    Total ROM Size (Code + RO Data + RW Data)      22700 (  22.17kB)

==============================================================================

